Archive member included to satisfy reference by file (symbol)

c:/progra~2/gnuarm~1/102020~1/bin/../lib/gcc/arm-none-eabi/10.2.1/thumb/v6-m/nofp\libgcc.a(_dvmd_tls.o)
                              CMakeFiles/example.dir/D_/Pico_Downloads/pico-sdk/src/rp2_common/pico_divider/divider.S.obj (__aeabi_idiv0)
c:/progra~2/gnuarm~1/102020~1/bin/../lib/gcc/arm-none-eabi/10.2.1/../../../../arm-none-eabi/lib/thumb/v6-m/nofp\libg.a(lib_a-calloc.o)
                              CMakeFiles/example.dir/D_/Pico_Downloads/pico-sdk/src/rp2_common/pico_malloc/pico_malloc.c.obj (calloc)
c:/progra~2/gnuarm~1/102020~1/bin/../lib/gcc/arm-none-eabi/10.2.1/../../../../arm-none-eabi/lib/thumb/v6-m/nofp\libg.a(lib_a-callocr.o)
                              c:/progra~2/gnuarm~1/102020~1/bin/../lib/gcc/arm-none-eabi/10.2.1/../../../../arm-none-eabi/lib/thumb/v6-m/nofp\libg.a(lib_a-calloc.o) (_calloc_r)
c:/progra~2/gnuarm~1/102020~1/bin/../lib/gcc/arm-none-eabi/10.2.1/../../../../arm-none-eabi/lib/thumb/v6-m/nofp\libg.a(lib_a-ctype_.o)
                              CMakeFiles/example.dir/D_/Pico_Downloads/pico-sdk/lib/tinyusb/src/tusb.c.obj (_ctype_)
c:/progra~2/gnuarm~1/102020~1/bin/../lib/gcc/arm-none-eabi/10.2.1/../../../../arm-none-eabi/lib/thumb/v6-m/nofp\libg.a(lib_a-impure.o)
                              c:/progra~2/gnuarm~1/102020~1/bin/../lib/gcc/arm-none-eabi/10.2.1/../../../../arm-none-eabi/lib/thumb/v6-m/nofp\libg.a(lib_a-calloc.o) (_impure_ptr)
c:/progra~2/gnuarm~1/102020~1/bin/../lib/gcc/arm-none-eabi/10.2.1/../../../../arm-none-eabi/lib/thumb/v6-m/nofp\libg.a(lib_a-init.o)
                              c:/progra~2/gnuarm~1/102020~1/bin/../lib/gcc/arm-none-eabi/10.2.1/../../../../arm-none-eabi/lib/thumb/v6-m/nofp/crt0.o (__libc_init_array)
c:/progra~2/gnuarm~1/102020~1/bin/../lib/gcc/arm-none-eabi/10.2.1/../../../../arm-none-eabi/lib/thumb/v6-m/nofp\libg.a(lib_a-malloc.o)
                              CMakeFiles/example.dir/D_/Pico_Downloads/pico-sdk/src/rp2_common/pico_malloc/pico_malloc.c.obj (malloc)
c:/progra~2/gnuarm~1/102020~1/bin/../lib/gcc/arm-none-eabi/10.2.1/../../../../arm-none-eabi/lib/thumb/v6-m/nofp\libg.a(lib_a-mallocr.o)
                              c:/progra~2/gnuarm~1/102020~1/bin/../lib/gcc/arm-none-eabi/10.2.1/../../../../arm-none-eabi/lib/thumb/v6-m/nofp\libg.a(lib_a-callocr.o) (_malloc_r)
c:/progra~2/gnuarm~1/102020~1/bin/../lib/gcc/arm-none-eabi/10.2.1/../../../../arm-none-eabi/lib/thumb/v6-m/nofp\libg.a(lib_a-mlock.o)
                              c:/progra~2/gnuarm~1/102020~1/bin/../lib/gcc/arm-none-eabi/10.2.1/../../../../arm-none-eabi/lib/thumb/v6-m/nofp\libg.a(lib_a-mallocr.o) (__malloc_lock)
c:/progra~2/gnuarm~1/102020~1/bin/../lib/gcc/arm-none-eabi/10.2.1/../../../../arm-none-eabi/lib/thumb/v6-m/nofp\libg.a(lib_a-sbrkr.o)
                              c:/progra~2/gnuarm~1/102020~1/bin/../lib/gcc/arm-none-eabi/10.2.1/../../../../arm-none-eabi/lib/thumb/v6-m/nofp\libg.a(lib_a-mallocr.o) (_sbrk_r)
c:/progra~2/gnuarm~1/102020~1/bin/../lib/gcc/arm-none-eabi/10.2.1/../../../../arm-none-eabi/lib/thumb/v6-m/nofp\libg.a(lib_a-strlen-stub.o)
                              CMakeFiles/example.dir/D_/Pico_Downloads/pico-sdk/src/rp2_common/pico_stdio/stdio.c.obj (strlen)
c:/progra~2/gnuarm~1/102020~1/bin/../lib/gcc/arm-none-eabi/10.2.1/../../../../arm-none-eabi/lib/thumb/v6-m/nofp\libg.a(lib_a-freer.o)
                              c:/progra~2/gnuarm~1/102020~1/bin/../lib/gcc/arm-none-eabi/10.2.1/../../../../arm-none-eabi/lib/thumb/v6-m/nofp\libg.a(lib_a-malloc.o) (_free_r)
c:/progra~2/gnuarm~1/102020~1/bin/../lib/gcc/arm-none-eabi/10.2.1/../../../../arm-none-eabi/lib/thumb/v6-m/nofp\libg.a(lib_a-lock.o)
                              c:/progra~2/gnuarm~1/102020~1/bin/../lib/gcc/arm-none-eabi/10.2.1/../../../../arm-none-eabi/lib/thumb/v6-m/nofp\libg.a(lib_a-mlock.o) (__retarget_lock_acquire_recursive)
c:/progra~2/gnuarm~1/102020~1/bin/../lib/gcc/arm-none-eabi/10.2.1/../../../../arm-none-eabi/lib/thumb/v6-m/nofp\libg.a(lib_a-reent.o)
                              c:/progra~2/gnuarm~1/102020~1/bin/../lib/gcc/arm-none-eabi/10.2.1/../../../../arm-none-eabi/lib/thumb/v6-m/nofp\libg.a(lib_a-sbrkr.o) (errno)

Discarded input sections

 .text          0x00000000        0x0 c:/progra~2/gnuarm~1/102020~1/bin/../lib/gcc/arm-none-eabi/10.2.1/thumb/v6-m/nofp/crti.o
 .data          0x00000000        0x0 c:/progra~2/gnuarm~1/102020~1/bin/../lib/gcc/arm-none-eabi/10.2.1/thumb/v6-m/nofp/crti.o
 .bss           0x00000000        0x0 c:/progra~2/gnuarm~1/102020~1/bin/../lib/gcc/arm-none-eabi/10.2.1/thumb/v6-m/nofp/crti.o
 .data          0x00000000        0x4 c:/progra~2/gnuarm~1/102020~1/bin/../lib/gcc/arm-none-eabi/10.2.1/thumb/v6-m/nofp/crtbegin.o
 .rodata        0x00000000       0x24 c:/progra~2/gnuarm~1/102020~1/bin/../lib/gcc/arm-none-eabi/10.2.1/thumb/v6-m/nofp/crtbegin.o
 .fini_array    0x00000000        0x4 c:/progra~2/gnuarm~1/102020~1/bin/../lib/gcc/arm-none-eabi/10.2.1/thumb/v6-m/nofp/crtbegin.o
[...]
Memory Configuration

Name             Origin             Length             Attributes
FLASH            0x10000000         0x00200000         xr
RAM              0x20000000         0x00040000         xrw
SCRATCH_X        0x20040000         0x00001000         xrw
SCRATCH_Y        0x20041000         0x00001000         xrw
*default*        0x00000000         0xffffffff

Linker script and memory map

LOAD c:/progra~2/gnuarm~1/102020~1/bin/../lib/gcc/arm-none-eabi/10.2.1/thumb/v6-m/nofp/crti.o
LOAD c:/progra~2/gnuarm~1/102020~1/bin/../lib/gcc/arm-none-eabi/10.2.1/thumb/v6-m/nofp/crtbegin.o
LOAD c:/progra~2/gnuarm~1/102020~1/bin/../lib/gcc/arm-none-eabi/10.2.1/../../../../arm-none-eabi/lib/thumb/v6-m/nofp/crt0.o

.flash_begin    0x10000000        0x0
                0x10000000                __flash_binary_start = .

.boot2          0x10000000      0x100
                0x10000000                __boot2_start__ = .
 *(.boot2)
 .boot2         0x10000000      0x100 C:\Users\tfkbr\AppData\Local\Temp\cc6qUkC8.o
                0x10000100                __boot2_end__ = .
                0x00000001                ASSERT (((__boot2_end__ - __boot2_start__) == 0x100), ERROR: Pico second stage bootloader must be 256 bytes in size)

.text           0x10000100     0x6f90
                0x10000100                __logical_binary_start = .
 *(.vectors)
 .vectors       0x10000100       0xd4 CMakeFiles/example.dir/D_/Pico_Downloads/pico-sdk/src/rp2_common/pico_standard_link/crt0.S.obj
                0x10000100                __vectors
                0x100001c0                isr_invalid
                0x100001c2                isr_nmi
                0x100001c4                isr_hardfault
                0x100001c6                isr_svcall
                0x100001c8                isr_pendsv
                0x100001ca                isr_systick
                0x100001cc                isr_irq11
                0x100001cc                isr_irq5
                0x100001cc                isr_irq23
                0x100001cc                isr_irq18
                0x100001cc                isr_irq31
                0x100001cc                isr_irq28
                0x100001cc                isr_irq19
                0x100001cc                isr_irq0
                0x100001cc                isr_irq6
                0x100001cc                isr_irq27
                0x100001cc                isr_irq12
                0x100001cc                isr_irq22
                0x100001cc                isr_irq13
                0x100001cc                isr_irq17
                0x100001cc                isr_irq14
                0x100001cc                isr_irq2
                0x100001cc                isr_irq10
                0x100001cc                isr_irq8
                0x100001cc                isr_irq24
                0x100001cc                isr_irq1
                0x100001cc                isr_irq7
                0x100001cc                isr_irq21
                0x100001cc                isr_irq20
                0x100001cc                isr_irq15
                0x100001cc                isr_irq25
                0x100001cc                __unhandled_user_irq
                0x100001cc                isr_irq4
                0x100001cc                isr_irq16
                0x100001cc                isr_irq29
                0x100001cc                isr_irq26
                0x100001cc                isr_irq3
                0x100001cc                isr_irq30
                0x100001cc                isr_irq9
                0x100001d2                unhandled_user_irq_num_in_r0
 *(.binary_info_header)
 .binary_info_header
                0x100001d4       0x14 CMakeFiles/example.dir/D_/Pico_Downloads/pico-sdk/src/rp2_common/pico_standard_link/crt0.S.obj
                0x100001e8                __binary_info_header_end = .
 *(.reset)
 .reset         0x100001e8       0xa8 CMakeFiles/example.dir/D_/Pico_Downloads/pico-sdk/src/rp2_common/pico_standard_link/crt0.S.obj
                0x100001e8                _entry_point
                0x10000266                __get_current_exception
 .reset         0x10000290       0x30 CMakeFiles/example.dir/D_/Pico_Downloads/pico-sdk/src/rp2_common/pico_standard_link/binary_info.c.obj
 *(.init)
 .init          0x100002c0        0x4 c:/progra~2/gnuarm~1/102020~1/bin/../lib/gcc/arm-none-eabi/10.2.1/thumb/v6-m/nofp/crti.o
                0x100002c0                _init
 *(EXCLUDE_FILE(*libm.a: *libc.a:*lib_a-mem*.o *libgcc.a:) .text*)
 .text          0x100002c4       0x48 c:/progra~2/gnuarm~1/102020~1/bin/../lib/gcc/arm-none-eabi/10.2.1/thumb/v6-m/nofp/crtbegin.o
 .text.main     0x1000030c       0x1c CMakeFiles/example.dir/hello.c.obj
                0x1000030c                main
 .text.hw_claim_lock
                0x10000328       0x18 CMakeFiles/example.dir/D_/Pico_Downloads/pico-sdk/src/rp2_common/hardware_claim/claim.c.obj
                0x10000328                hw_claim_lock
 .text.hw_claim_unlock
                0x10000340       0x14 CMakeFiles/example.dir/D_/Pico_Downloads/pico-sdk/src/rp2_common/hardware_claim/claim.c.obj
                0x10000340                hw_claim_unlock
 .text.hw_claim_or_assert
                0x10000354       0x34 CMakeFiles/example.dir/D_/Pico_Downloads/pico-sdk/src/rp2_common/hardware_claim/claim.c.obj
                0x10000354                hw_claim_or_assert
 .text.hw_claim_unused_from_range
                0x10000388       0x56 CMakeFiles/example.dir/D_/Pico_Downloads/pico-sdk/src/rp2_common/hardware_claim/claim.c.obj
                0x10000388                hw_claim_unused_from_range
 *fill*         0x100003de        0x2 
 .text.spin_locks_reset
                0x100003e0       0x20 CMakeFiles/example.dir/D_/Pico_Downloads/pico-sdk/src/rp2_common/hardware_sync/sync.c.obj
                0x100003e0                spin_locks_reset
 .text.next_striped_spin_lock_num
                0x10000400       0x1c CMakeFiles/example.dir/D_/Pico_Downloads/pico-sdk/src/rp2_common/hardware_sync/sync.c.obj
                0x10000400                next_striped_spin_lock_num
 .text.spin_lock_claim_unused
                0x1000041c       0x20 CMakeFiles/example.dir/D_/Pico_Downloads/pico-sdk/src/rp2_common/hardware_sync/sync.c.obj
                0x1000041c                spin_lock_claim_unused
 .text.running_on_fpga
                0x1000043c       0x14 CMakeFiles/example.dir/D_/Pico_Downloads/pico-sdk/src/rp2_common/pico_platform/platform.c.obj
                0x1000043c                running_on_fpga
 .text.sev_callback
                0x10000450        0x8 CMakeFiles/example.dir/D_/Pico_Downloads/pico-sdk/src/common/pico_time/time.c.obj
 .text.timer_pool_entry_comparator
                0x10000458       0x7c CMakeFiles/example.dir/D_/Pico_Downloads/pico-sdk/src/common/pico_time/time.c.obj
                0x10000458                timer_pool_entry_comparator
 .text.ph_add_child_node
                0x100004d4       0xa4 CMakeFiles/example.dir/D_/Pico_Downloads/pico-sdk/src/common/pico_time/time.c.obj
 .text.ph_merge_nodes
                0x10000578       0x3e CMakeFiles/example.dir/D_/Pico_Downloads/pico-sdk/src/common/pico_time/time.c.obj
 *fill*         0x100005b6        0x2 
 .text.add_alarm_under_lock
                0x100005b8      0x178 CMakeFiles/example.dir/D_/Pico_Downloads/pico-sdk/src/common/pico_time/time.c.obj
 .text.alarm_pool_alarm_callback
                0x10000730      0x2e4 CMakeFiles/example.dir/D_/Pico_Downloads/pico-sdk/src/common/pico_time/time.c.obj
 .text.alarm_pool_get_default
                0x10000a14       0x28 CMakeFiles/example.dir/D_/Pico_Downloads/pico-sdk/src/common/pico_time/time.c.obj
                0x10000a14                alarm_pool_get_default
 .text.alarm_pool_create
                0x10000a3c       0x6c CMakeFiles/example.dir/D_/Pico_Downloads/pico-sdk/src/common/pico_time/time.c.obj
                0x10000a3c                alarm_pool_create
 .text.alarm_pool_init_default
                0x10000aa8       0x20 CMakeFiles/example.dir/D_/Pico_Downloads/pico-sdk/src/common/pico_time/time.c.obj
                0x10000aa8                alarm_pool_init_default
 .text.alarm_pool_add_alarm_at
                0x10000ac8      0x128 CMakeFiles/example.dir/D_/Pico_Downloads/pico-sdk/src/common/pico_time/time.c.obj
                0x10000ac8                alarm_pool_add_alarm_at
 .text.alarm_pool_cancel_alarm
                0x10000bf0       0xec CMakeFiles/example.dir/D_/Pico_Downloads/pico-sdk/src/common/pico_time/time.c.obj
                0x10000bf0                alarm_pool_cancel_alarm
 .text.sleep_until
                0x10000cdc       0x94 CMakeFiles/example.dir/D_/Pico_Downloads/pico-sdk/src/common/pico_time/time.c.obj
                0x10000cdc                sleep_until
 .text.sleep_us
                0x10000d70       0x2c CMakeFiles/example.dir/D_/Pico_Downloads/pico-sdk/src/common/pico_time/time.c.obj
                0x10000d70                sleep_us
 .text.sleep_ms
                0x10000d9c       0x14 CMakeFiles/example.dir/D_/Pico_Downloads/pico-sdk/src/common/pico_time/time.c.obj
                0x10000d9c                sleep_ms
 .text.best_effort_wfe_or_timeout
                0x10000db0       0x80 CMakeFiles/example.dir/D_/Pico_Downloads/pico-sdk/src/common/pico_time/time.c.obj
                0x10000db0                best_effort_wfe_or_timeout
 .text.hardware_alarm_irq_handler
                0x10000e30       0x8c CMakeFiles/example.dir/D_/Pico_Downloads/pico-sdk/src/rp2_common/hardware_timer/timer.c.obj
 .text.hardware_alarm_claim
                0x10000ebc       0x18 CMakeFiles/example.dir/D_/Pico_Downloads/pico-sdk/src/rp2_common/hardware_timer/timer.c.obj
                0x10000ebc                hardware_alarm_claim
 .text.time_us_64
                0x10000ed4       0x18 CMakeFiles/example.dir/D_/Pico_Downloads/pico-sdk/src/rp2_common/hardware_timer/timer.c.obj
                0x10000ed4                time_us_64
 .text.busy_wait_until
                0x10000eec       0x28 CMakeFiles/example.dir/D_/Pico_Downloads/pico-sdk/src/rp2_common/hardware_timer/timer.c.obj
                0x10000eec                busy_wait_until
 .text.hardware_alarm_set_callback
                0x10000f14       0x90 CMakeFiles/example.dir/D_/Pico_Downloads/pico-sdk/src/rp2_common/hardware_timer/timer.c.obj
                0x10000f14                hardware_alarm_set_callback
 .text.hardware_alarm_set_target
                0x10000fa4       0xd0 CMakeFiles/example.dir/D_/Pico_Downloads/pico-sdk/src/rp2_common/hardware_timer/timer.c.obj
                0x10000fa4                hardware_alarm_set_target
 .text.hardware_alarm_cancel
                0x10001074       0x40 CMakeFiles/example.dir/D_/Pico_Downloads/pico-sdk/src/rp2_common/hardware_timer/timer.c.obj
                0x10001074                hardware_alarm_cancel
 .text.lock_init
                0x100010b4       0x30 CMakeFiles/example.dir/D_/Pico_Downloads/pico-sdk/src/common/pico_sync/lock_core.c.obj
                0x100010b4                lock_init
 .text.mutex_init
                0x100010e4       0x1a CMakeFiles/example.dir/D_/Pico_Downloads/pico-sdk/src/common/pico_sync/mutex.c.obj
                0x100010e4                mutex_init
 .text.critical_section_init_with_lock_num
                0x100010fe        0xc CMakeFiles/example.dir/D_/Pico_Downloads/pico-sdk/src/common/pico_sync/critical_section.c.obj
                0x100010fe                critical_section_init_with_lock_num
 .text.critical_section_init
                0x1000110a       0x14 CMakeFiles/example.dir/D_/Pico_Downloads/pico-sdk/src/common/pico_sync/critical_section.c.obj
                0x1000110a                critical_section_init
 *fill*         0x1000111e        0x2 
 .text.ph_add_child_node
                0x10001120       0xa4 CMakeFiles/example.dir/D_/Pico_Downloads/pico-sdk/src/common/pico_util/pheap.c.obj
 .text.ph_merge_nodes
                0x100011c4       0x3e CMakeFiles/example.dir/D_/Pico_Downloads/pico-sdk/src/common/pico_util/pheap.c.obj
 *fill*         0x10001202        0x2 
 .text.ph_clear
                0x10001204       0x74 CMakeFiles/example.dir/D_/Pico_Downloads/pico-sdk/src/common/pico_util/pheap.c.obj
                0x10001204                ph_clear
 .text.ph_create
                0x10001278       0x2c CMakeFiles/example.dir/D_/Pico_Downloads/pico-sdk/src/common/pico_util/pheap.c.obj
                0x10001278                ph_create
 .text.ph_merge_two_pass
                0x100012a4       0xa8 CMakeFiles/example.dir/D_/Pico_Downloads/pico-sdk/src/common/pico_util/pheap.c.obj
                0x100012a4                ph_merge_two_pass
 .text.ph_remove_any_head
                0x1000134c      0x108 CMakeFiles/example.dir/D_/Pico_Downloads/pico-sdk/src/common/pico_util/pheap.c.obj
 .text.ph_remove_head_reserve
                0x10001454       0x14 CMakeFiles/example.dir/D_/Pico_Downloads/pico-sdk/src/common/pico_util/pheap.c.obj
                0x10001454                ph_remove_head_reserve
 .text.ph_delete
                0x10001468       0xf8 CMakeFiles/example.dir/D_/Pico_Downloads/pico-sdk/src/common/pico_util/pheap.c.obj
                0x10001468                ph_delete
 .text.runtime_init
                0x10001560       0xcc CMakeFiles/example.dir/D_/Pico_Downloads/pico-sdk/src/rp2_common/pico_runtime/runtime.c.obj
                0x10001560                runtime_init
 .text._exit    0x1000162c        0x4 CMakeFiles/example.dir/D_/Pico_Downloads/pico-sdk/src/rp2_common/pico_runtime/runtime.c.obj
                0x1000162c                _exit
 .text._sbrk    0x10001630       0x38 CMakeFiles/example.dir/D_/Pico_Downloads/pico-sdk/src/rp2_common/pico_runtime/runtime.c.obj
                0x10001630                _sbrk
 .text.exit     0x10001668        0x6 CMakeFiles/example.dir/D_/Pico_Downloads/pico-sdk/src/rp2_common/pico_runtime/runtime.c.obj
                0x10001668                exit
 *fill*         0x1000166e        0x2 
 .text.__assert_func
                0x10001670       0x3c CMakeFiles/example.dir/D_/Pico_Downloads/pico-sdk/src/rp2_common/pico_runtime/runtime.c.obj
                0x10001670                __assert_func
 .text.panic    0x100016ac       0x30 CMakeFiles/example.dir/D_/Pico_Downloads/pico-sdk/src/rp2_common/pico_runtime/runtime.c.obj
                0x100016ac                panic
 .text.clock_configure
                0x100016dc       0xe8 CMakeFiles/example.dir/D_/Pico_Downloads/pico-sdk/src/rp2_common/hardware_clocks/clocks.c.obj
                0x100016dc                clock_configure
 .text.clocks_init
                0x100017c4      0x124 CMakeFiles/example.dir/D_/Pico_Downloads/pico-sdk/src/rp2_common/hardware_clocks/clocks.c.obj
                0x100017c4                clocks_init
 .text.watchdog_start_tick
                0x100018e8       0x10 CMakeFiles/example.dir/D_/Pico_Downloads/pico-sdk/src/rp2_common/hardware_watchdog/watchdog.c.obj
                0x100018e8                watchdog_start_tick
 .text.xosc_init
                0x100018f8       0x28 CMakeFiles/example.dir/D_/Pico_Downloads/pico-sdk/src/rp2_common/hardware_xosc/xosc.c.obj
                0x100018f8                xosc_init
 .text.pll_init
                0x10001920       0xd4 CMakeFiles/example.dir/D_/Pico_Downloads/pico-sdk/src/rp2_common/hardware_pll/pll.c.obj
                0x10001920                pll_init
 .text.set_raw_irq_handler_and_unlock
                0x100019f4       0x28 CMakeFiles/example.dir/D_/Pico_Downloads/pico-sdk/src/rp2_common/hardware_irq/irq.c.obj
 .text.make_branch
                0x10001a1c       0x34 CMakeFiles/example.dir/D_/Pico_Downloads/pico-sdk/src/rp2_common/hardware_irq/irq.c.obj
 .text.insert_branch_and_link
                0x10001a50       0x40 CMakeFiles/example.dir/D_/Pico_Downloads/pico-sdk/src/rp2_common/hardware_irq/irq.c.obj
 .text.irq_is_enabled
                0x10001a90       0x18 CMakeFiles/example.dir/D_/Pico_Downloads/pico-sdk/src/rp2_common/hardware_irq/irq.c.obj
                0x10001a90                irq_is_enabled
 .text.irq_set_mask_enabled
                0x10001aa8       0x20 CMakeFiles/example.dir/D_/Pico_Downloads/pico-sdk/src/rp2_common/hardware_irq/irq.c.obj
                0x10001aa8                irq_set_mask_enabled
 .text.irq_set_enabled
                0x10001ac8        0xe CMakeFiles/example.dir/D_/Pico_Downloads/pico-sdk/src/rp2_common/hardware_irq/irq.c.obj
                0x10001ac8                irq_set_enabled
 *fill*         0x10001ad6        0x2 
 .text.irq_set_pending
                0x10001ad8       0x10 CMakeFiles/example.dir/D_/Pico_Downloads/pico-sdk/src/rp2_common/hardware_irq/irq.c.obj
                0x10001ad8                irq_set_pending
 .text.irq_get_vtable_handler
                0x10001ae8       0x10 CMakeFiles/example.dir/D_/Pico_Downloads/pico-sdk/src/rp2_common/hardware_irq/irq.c.obj
                0x10001ae8                irq_get_vtable_handler
 .text.irq_set_exclusive_handler
                0x10001af8       0x54 CMakeFiles/example.dir/D_/Pico_Downloads/pico-sdk/src/rp2_common/hardware_irq/irq.c.obj
                0x10001af8                irq_set_exclusive_handler
 .text.irq_remove_handler
                0x10001b4c      0x1b4 CMakeFiles/example.dir/D_/Pico_Downloads/pico-sdk/src/rp2_common/hardware_irq/irq.c.obj
                0x10001b4c                irq_remove_handler
 .text.irq_set_priority
                0x10001d00       0x28 CMakeFiles/example.dir/D_/Pico_Downloads/pico-sdk/src/rp2_common/hardware_irq/irq.c.obj
                0x10001d00                irq_set_priority
 .text.irq_add_tail_to_free_list
                0x10001d28       0xf8 CMakeFiles/example.dir/D_/Pico_Downloads/pico-sdk/src/rp2_common/hardware_irq/irq.c.obj
                0x10001d28                irq_add_tail_to_free_list
 .text.irq_init_priorities
                0x10001e20       0x16 CMakeFiles/example.dir/D_/Pico_Downloads/pico-sdk/src/rp2_common/hardware_irq/irq.c.obj
                0x10001e20                irq_init_priorities
 .text._out_null
                0x10001e36        0x2 CMakeFiles/example.dir/D_/Pico_Downloads/pico-sdk/src/rp2_common/pico_printf/printf.c.obj
 .text._out_fct
                0x10001e38        0xe CMakeFiles/example.dir/D_/Pico_Downloads/pico-sdk/src/rp2_common/pico_printf/printf.c.obj
 .text._atoi    0x10001e46       0x24 CMakeFiles/example.dir/D_/Pico_Downloads/pico-sdk/src/rp2_common/pico_printf/printf.c.obj
 .text._out_rev
                0x10001e6a       0xae CMakeFiles/example.dir/D_/Pico_Downloads/pico-sdk/src/rp2_common/pico_printf/printf.c.obj
 .text._ntoa_format
                0x10001f18      0x112 CMakeFiles/example.dir/D_/Pico_Downloads/pico-sdk/src/rp2_common/pico_printf/printf.c.obj
 .text._ntoa_long
                0x1000202a       0xbc CMakeFiles/example.dir/D_/Pico_Downloads/pico-sdk/src/rp2_common/pico_printf/printf.c.obj
 .text._ntoa_long_long
                0x100020e6       0xe2 CMakeFiles/example.dir/D_/Pico_Downloads/pico-sdk/src/rp2_common/pico_printf/printf.c.obj
 .text._etoa    0x100021c8      0x404 CMakeFiles/example.dir/D_/Pico_Downloads/pico-sdk/src/rp2_common/pico_printf/printf.c.obj
 .text._ftoa    0x100025cc      0x354 CMakeFiles/example.dir/D_/Pico_Downloads/pico-sdk/src/rp2_common/pico_printf/printf.c.obj
 .text._vsnprintf
                0x10002920      0x624 CMakeFiles/example.dir/D_/Pico_Downloads/pico-sdk/src/rp2_common/pico_printf/printf.c.obj
 .text.vfctprintf
                0x10002f44       0x20 CMakeFiles/example.dir/D_/Pico_Downloads/pico-sdk/src/rp2_common/pico_printf/printf.c.obj
                0x10002f44                vfctprintf
 .text          0x10002f64       0x10 CMakeFiles/example.dir/D_/Pico_Downloads/pico-sdk/src/rp2_common/pico_bit_ops/bit_ops_aeabi.S.obj
 .text.rom_func_lookup
                0x10002f74       0x10 CMakeFiles/example.dir/D_/Pico_Downloads/pico-sdk/src/rp2_common/pico_bootrom/bootrom.c.obj
                0x10002f74                rom_func_lookup
 .text.rom_data_lookup
                0x10002f84       0x10 CMakeFiles/example.dir/D_/Pico_Downloads/pico-sdk/src/rp2_common/pico_bootrom/bootrom.c.obj
                0x10002f84                rom_data_lookup
 .text.rom_funcs_lookup
                0x10002f94       0x36 CMakeFiles/example.dir/D_/Pico_Downloads/pico-sdk/src/rp2_common/pico_bootrom/bootrom.c.obj
                0x10002f94                rom_funcs_lookup
 *fill*         0x10002fca        0x2 
 .text.__wrap___aeabi_idiv
                0x10002fcc       0x58 CMakeFiles/example.dir/D_/Pico_Downloads/pico-sdk/src/rp2_common/pico_divider/divider.S.obj
                0x10002fcc                __wrap___aeabi_idivmod
                0x10002fcc                divmod_s32s32
                0x10002fcc                div_s32s32
                0x10002fcc                __wrap___aeabi_idiv
                0x10002fd4                divmod_s32s32_unsafe
                0x10003000                divmod_s32s32_savestate
 .text.__wrap___aeabi_uidiv
                0x10003024       0x54 CMakeFiles/example.dir/D_/Pico_Downloads/pico-sdk/src/rp2_common/pico_divider/divider.S.obj
                0x10003024                __wrap___aeabi_uidiv
                0x10003024                __wrap___aeabi_uidivmod
                0x10003024                div_u32u32
                0x10003024                divmod_u32u32
                0x1000302c                divmod_u32u32_unsafe
                0x10003054                divmod_u32u32_savestate
 .text.__wrap___aeabi_ldiv
                0x10003078      0x430 CMakeFiles/example.dir/D_/Pico_Downloads/pico-sdk/src/rp2_common/pico_divider/divider.S.obj
                0x10003078                div_s64s64
                0x10003078                divmod_s64s64
                0x10003078                __wrap___aeabi_ldivmod
                0x100030b0                divmod_u64u64
                0x100030b0                div_u64u64
                0x100030b0                __wrap___aeabi_uldivmod
                0x100030c0                divmod_u64u64_savestate
                0x100030e8                divmod_s64s64_unsafe
                0x10003170                divmod_u64u64_unsafe
 .text.__wrap___aeabi_darithmetic
                0x100034a8       0x54 CMakeFiles/example.dir/D_/Pico_Downloads/pico-sdk/src/rp2_common/pico_double/double_aeabi.S.obj
                0x100034a8                __wrap___aeabi_drsub
                0x100034ae                __wrap___aeabi_dsub
                0x100034c0                __wrap___aeabi_dadd
                0x100034d2                __wrap___aeabi_ddiv
                0x100034e4                __wrap___aeabi_dmul
 .text.__wrap___aeabi_cdcmple
                0x100034fc       0x6c CMakeFiles/example.dir/D_/Pico_Downloads/pico-sdk/src/rp2_common/pico_double/double_aeabi.S.obj
                0x100034fc                __wrap___aeabi_cdrcmple
                0x1000350c                __wrap___aeabi_cdcmpeq
                0x1000350c                __wrap___aeabi_cdcmple
 .text.__wrap___aeabi_dcmplt
                0x10003568        0xc CMakeFiles/example.dir/D_/Pico_Downloads/pico-sdk/src/rp2_common/pico_double/double_aeabi.S.obj
                0x10003568                __wrap___aeabi_dcmplt
 .text.__wrap___aeabi_dcmple
                0x10003574       0x10 CMakeFiles/example.dir/D_/Pico_Downloads/pico-sdk/src/rp2_common/pico_double/double_aeabi.S.obj
                0x10003574                __wrap___aeabi_dcmple
 .text.__wrap___aeabi_dcmpge
                0x10003584       0x10 CMakeFiles/example.dir/D_/Pico_Downloads/pico-sdk/src/rp2_common/pico_double/double_aeabi.S.obj
                0x10003584                __wrap___aeabi_dcmpge
 .text.__wrap___aeabi_dcmpgt
                0x10003594        0xa CMakeFiles/example.dir/D_/Pico_Downloads/pico-sdk/src/rp2_common/pico_double/double_aeabi.S.obj
                0x10003594                __wrap___aeabi_dcmpgt
 .text.__wrap___aeabi_dcmpun
                0x1000359e       0x1c CMakeFiles/example.dir/D_/Pico_Downloads/pico-sdk/src/rp2_common/pico_double/double_aeabi.S.obj
                0x1000359e                __wrap___aeabi_dcmpun
 *fill*         0x100035ba        0x2 
 .text.__wrap___aeabi_i2d
                0x100035bc       0x38 CMakeFiles/example.dir/D_/Pico_Downloads/pico-sdk/src/rp2_common/pico_double/double_aeabi.S.obj
                0x100035bc                __wrap___aeabi_ui2d
                0x100035c4                __wrap___aeabi_i2d
 .text.__wrap___aeabi_d2iz
                0x100035f4       0x48 CMakeFiles/example.dir/D_/Pico_Downloads/pico-sdk/src/rp2_common/pico_double/double_aeabi.S.obj
                0x100035f4                double2int_z
                0x100035f4                __wrap___aeabi_d2iz
 .text.__wrap___aeabi_d2uiz
                0x1000363c       0x18 CMakeFiles/example.dir/D_/Pico_Downloads/pico-sdk/src/rp2_common/pico_double/double_aeabi.S.obj
                0x1000363c                __wrap___aeabi_d2uiz
                0x1000363c                double2uint
 .text.__aeabi_double_init
                0x10003654       0xb8 CMakeFiles/example.dir/D_/Pico_Downloads/pico-sdk/src/rp2_common/pico_double/double_init_rom.c.obj
                0x10003654                __aeabi_double_init
 .text.double_table_shim_on_use_helper
                0x1000370c       0x34 CMakeFiles/example.dir/D_/Pico_Downloads/pico-sdk/src/rp2_common/pico_double/double_v1_rom_shim.S.obj
                0x1000370c                double_table_shim_on_use_helper
 .text.__wrap___aeabi_dsub
                0x10003740       0x10 CMakeFiles/example.dir/D_/Pico_Downloads/pico-sdk/src/rp2_common/pico_double/double_v1_rom_shim.S.obj
                0x10003740                drsub_shim
                0x10003746                dsub_shim
 .text.dadd_shim
                0x10003750      0x15c CMakeFiles/example.dir/D_/Pico_Downloads/pico-sdk/src/rp2_common/pico_double/double_v1_rom_shim.S.obj
                0x10003750                dadd_shim
 .text.dmul_shim
                0x100038ac      0x15c CMakeFiles/example.dir/D_/Pico_Downloads/pico-sdk/src/rp2_common/pico_double/double_v1_rom_shim.S.obj
                0x100038ac                dmul_shim
 .text.ddiv_shim
                0x10003a08      0x1b0 CMakeFiles/example.dir/D_/Pico_Downloads/pico-sdk/src/rp2_common/pico_double/double_v1_rom_shim.S.obj
                0x10003a08                ddiv_shim
 .text.dcordic_rot_step
                0x10003bb8       0x7c CMakeFiles/example.dir/D_/Pico_Downloads/pico-sdk/src/rp2_common/pico_double/double_v1_rom_shim.S.obj
                0x10003bb8                dcordic_rot_step
 .text.double2uint_shim
                0x10003c34        0xe CMakeFiles/example.dir/D_/Pico_Downloads/pico-sdk/src/rp2_common/pico_double/double_v1_rom_shim.S.obj
                0x10003c34                double2uint_shim
                0x10003c36                double2ufix_shim
 *fill*         0x10003c42        0x2 
 .text.double2uint64_shim
                0x10003c44       0x6c CMakeFiles/example.dir/D_/Pico_Downloads/pico-sdk/src/rp2_common/pico_double/double_v1_rom_shim.S.obj
                0x10003c44                double2uint64_shim
                0x10003c46                double2ufix64_shim
                0x10003c60                d2fix_a
 .text.dunpacks
                0x10003cb0       0x3c CMakeFiles/example.dir/D_/Pico_Downloads/pico-sdk/src/rp2_common/pico_double/double_v1_rom_shim.S.obj
                0x10003cb0                dunpacks
 .text.__aeabi_lmul
                0x10003cec       0x32 CMakeFiles/example.dir/D_/Pico_Downloads/pico-sdk/src/rp2_common/pico_int64_ops/pico_int64_ops_aeabi.S.obj
                0x10003cec                __wrap___aeabi_lmul
 *fill*         0x10003d1e        0x2 
 .text.__aeabi_float_init
                0x10003d20       0xfc CMakeFiles/example.dir/D_/Pico_Downloads/pico-sdk/src/rp2_common/pico_float/float_init_rom.c.obj
                0x10003d20                __aeabi_float_init
 .text.float_table_shim_on_use_helper
                0x10003e1c       0x34 CMakeFiles/example.dir/D_/Pico_Downloads/pico-sdk/src/rp2_common/pico_float/float_v1_rom_shim.S.obj
                0x10003e1c                float_table_shim_on_use_helper
 .text.__wrap_malloc
                0x10003e50        0x8 CMakeFiles/example.dir/D_/Pico_Downloads/pico-sdk/src/rp2_common/pico_malloc/pico_malloc.c.obj
                0x10003e50                __wrap_malloc
 .text.__wrap_calloc
                0x10003e58        0x8 CMakeFiles/example.dir/D_/Pico_Downloads/pico-sdk/src/rp2_common/pico_malloc/pico_malloc.c.obj
                0x10003e58                __wrap_calloc
 .text          0x10003e60       0x10 CMakeFiles/example.dir/D_/Pico_Downloads/pico-sdk/src/rp2_common/pico_mem_ops/mem_ops_aeabi.S.obj
                0x10003e60                __aeabi_mem_init
 .text.memset   0x10003e70        0xc CMakeFiles/example.dir/D_/Pico_Downloads/pico-sdk/src/rp2_common/pico_mem_ops/mem_ops_aeabi.S.obj
                0x10003e70                __wrap_memset
 .text.memcpy   0x10003e7c        0xc CMakeFiles/example.dir/D_/Pico_Downloads/pico-sdk/src/rp2_common/pico_mem_ops/mem_ops_aeabi.S.obj
                0x10003e7c                __wrap_memcpy
                0x10003e7c                __wrap___aeabi_memcpy
 .text.stdio_out_chars_crlf
                0x10003e88       0x80 CMakeFiles/example.dir/D_/Pico_Downloads/pico-sdk/src/rp2_common/pico_stdio/stdio.c.obj
 .text.stdio_stack_buffer_flush
                0x10003f08       0x44 CMakeFiles/example.dir/D_/Pico_Downloads/pico-sdk/src/rp2_common/pico_stdio/stdio.c.obj
 .text.stdio_buffered_printer
                0x10003f4c       0x20 CMakeFiles/example.dir/D_/Pico_Downloads/pico-sdk/src/rp2_common/pico_stdio/stdio.c.obj
 .text.stdout_serialize_begin
                0x10003f6c       0x2c CMakeFiles/example.dir/D_/Pico_Downloads/pico-sdk/src/rp2_common/pico_stdio/stdio.c.obj
                0x10003f6c                stdout_serialize_begin
 .text.stdout_serialize_end
                0x10003f98       0x10 CMakeFiles/example.dir/D_/Pico_Downloads/pico-sdk/src/rp2_common/pico_stdio/stdio.c.obj
                0x10003f98                stdout_serialize_end
 .text.stdio_put_string
                0x10003fa8       0x84 CMakeFiles/example.dir/D_/Pico_Downloads/pico-sdk/src/rp2_common/pico_stdio/stdio.c.obj
 .text.stdio_set_driver_enabled
                0x1000402c       0x38 CMakeFiles/example.dir/D_/Pico_Downloads/pico-sdk/src/rp2_common/pico_stdio/stdio.c.obj
                0x1000402c                stdio_set_driver_enabled
 .text.stdio_flush
                0x10004064       0x20 CMakeFiles/example.dir/D_/Pico_Downloads/pico-sdk/src/rp2_common/pico_stdio/stdio.c.obj
                0x10004064                stdio_flush
 .text.__wrap_puts
                0x10004084       0x1c CMakeFiles/example.dir/D_/Pico_Downloads/pico-sdk/src/rp2_common/pico_stdio/stdio.c.obj
                0x10004084                __wrap_puts
 .text.__wrap_vprintf
                0x100040a0       0x44 CMakeFiles/example.dir/D_/Pico_Downloads/pico-sdk/src/rp2_common/pico_stdio/stdio.c.obj
                0x100040a0                __wrap_vprintf
 .text.__wrap_printf
                0x100040e4       0x18 CMakeFiles/example.dir/D_/Pico_Downloads/pico-sdk/src/rp2_common/pico_stdio/stdio.c.obj
                0x100040e4                __wrap_printf
 .text.stdio_init_all
                0x100040fc        0x8 CMakeFiles/example.dir/D_/Pico_Downloads/pico-sdk/src/rp2_common/pico_stdio/stdio.c.obj
                0x100040fc                stdio_init_all
 .text.stdio_usb_in_chars
                0x10004104       0x70 CMakeFiles/example.dir/D_/Pico_Downloads/pico-sdk/src/rp2_common/pico_stdio_usb/stdio_usb.c.obj
                0x10004104                stdio_usb_in_chars
 .text.low_priority_worker_irq
                0x10004174       0x20 CMakeFiles/example.dir/D_/Pico_Downloads/pico-sdk/src/rp2_common/pico_stdio_usb/stdio_usb.c.obj
 .text.stdio_usb_out_chars
                0x10004194       0xd4 CMakeFiles/example.dir/D_/Pico_Downloads/pico-sdk/src/rp2_common/pico_stdio_usb/stdio_usb.c.obj
 .text.timer_task
                0x10004268       0x10 CMakeFiles/example.dir/D_/Pico_Downloads/pico-sdk/src/rp2_common/pico_stdio_usb/stdio_usb.c.obj
 .text.stdio_usb_init
                0x10004278       0x90 CMakeFiles/example.dir/D_/Pico_Downloads/pico-sdk/src/rp2_common/pico_stdio_usb/stdio_usb.c.obj
                0x10004278                stdio_usb_init
 .text.tud_descriptor_device_cb
                0x10004308        0x8 CMakeFiles/example.dir/D_/Pico_Downloads/pico-sdk/src/rp2_common/pico_stdio_usb/stdio_usb_descriptors.c.obj
                0x10004308                tud_descriptor_device_cb
 .text.tud_descriptor_configuration_cb
                0x10004310        0x8 CMakeFiles/example.dir/D_/Pico_Downloads/pico-sdk/src/rp2_common/pico_stdio_usb/stdio_usb_descriptors.c.obj
                0x10004310                tud_descriptor_configuration_cb
 .text.tud_descriptor_string_cb
                0x10004318       0x50 CMakeFiles/example.dir/D_/Pico_Downloads/pico-sdk/src/rp2_common/pico_stdio_usb/stdio_usb_descriptors.c.obj
                0x10004318                tud_descriptor_string_cb
 .text.hw_endpoint_get_by_addr
                0x10004368       0x1c CMakeFiles/example.dir/D_/Pico_Downloads/pico-sdk/lib/tinyusb/src/portable/raspberrypi/rp2040/dcd_rp2040.c.obj
 .text.reset_ep0
                0x10004384       0x2c CMakeFiles/example.dir/D_/Pico_Downloads/pico-sdk/lib/tinyusb/src/portable/raspberrypi/rp2040/dcd_rp2040.c.obj
 .text._hw_endpoint_alloc
                0x100043b0       0x7c CMakeFiles/example.dir/D_/Pico_Downloads/pico-sdk/lib/tinyusb/src/portable/raspberrypi/rp2040/dcd_rp2040.c.obj
 .text._hw_endpoint_init
                0x1000442c       0xbc CMakeFiles/example.dir/D_/Pico_Downloads/pico-sdk/lib/tinyusb/src/portable/raspberrypi/rp2040/dcd_rp2040.c.obj
 .text.hw_endpoint_init
                0x100044e8       0x18 CMakeFiles/example.dir/D_/Pico_Downloads/pico-sdk/lib/tinyusb/src/portable/raspberrypi/rp2040/dcd_rp2040.c.obj
 .text.hw_handle_buff_status
                0x10004500       0xb8 CMakeFiles/example.dir/D_/Pico_Downloads/pico-sdk/lib/tinyusb/src/portable/raspberrypi/rp2040/dcd_rp2040.c.obj
 .text.dcd_rp2040_irq
                0x100045b8       0x8c CMakeFiles/example.dir/D_/Pico_Downloads/pico-sdk/lib/tinyusb/src/portable/raspberrypi/rp2040/dcd_rp2040.c.obj
 .text.hw_endpoint_xfer
                0x10004644       0x18 CMakeFiles/example.dir/D_/Pico_Downloads/pico-sdk/lib/tinyusb/src/portable/raspberrypi/rp2040/dcd_rp2040.c.obj
 .text.ep0_0len_status
                0x1000465c       0x14 CMakeFiles/example.dir/D_/Pico_Downloads/pico-sdk/lib/tinyusb/src/portable/raspberrypi/rp2040/dcd_rp2040.c.obj
 .text._hw_endpoint_stall
                0x10004670       0x54 CMakeFiles/example.dir/D_/Pico_Downloads/pico-sdk/lib/tinyusb/src/portable/raspberrypi/rp2040/dcd_rp2040.c.obj
 .text.hw_endpoint_stall
                0x100046c4        0xc CMakeFiles/example.dir/D_/Pico_Downloads/pico-sdk/lib/tinyusb/src/portable/raspberrypi/rp2040/dcd_rp2040.c.obj
 .text._hw_endpoint_clear_stall
                0x100046d0       0x34 CMakeFiles/example.dir/D_/Pico_Downloads/pico-sdk/lib/tinyusb/src/portable/raspberrypi/rp2040/dcd_rp2040.c.obj
 .text.hw_endpoint_clear_stall
                0x10004704        0xc CMakeFiles/example.dir/D_/Pico_Downloads/pico-sdk/lib/tinyusb/src/portable/raspberrypi/rp2040/dcd_rp2040.c.obj
 .text.dcd_int_enable
                0x10004710       0x2c CMakeFiles/example.dir/D_/Pico_Downloads/pico-sdk/lib/tinyusb/src/portable/raspberrypi/rp2040/dcd_rp2040.c.obj
                0x10004710                dcd_int_enable
 .text.dcd_set_address
                0x1000473c       0x30 CMakeFiles/example.dir/D_/Pico_Downloads/pico-sdk/lib/tinyusb/src/portable/raspberrypi/rp2040/dcd_rp2040.c.obj
                0x1000473c                dcd_set_address
 .text.dcd_connect
                0x1000476c       0x30 CMakeFiles/example.dir/D_/Pico_Downloads/pico-sdk/lib/tinyusb/src/portable/raspberrypi/rp2040/dcd_rp2040.c.obj
                0x1000476c                dcd_connect
 .text.dcd_init
                0x1000479c       0x90 CMakeFiles/example.dir/D_/Pico_Downloads/pico-sdk/lib/tinyusb/src/portable/raspberrypi/rp2040/dcd_rp2040.c.obj
                0x1000479c                dcd_init
 .text.dcd_edpt0_status_complete
                0x1000482c       0x44 CMakeFiles/example.dir/D_/Pico_Downloads/pico-sdk/lib/tinyusb/src/portable/raspberrypi/rp2040/dcd_rp2040.c.obj
                0x1000482c                dcd_edpt0_status_complete
 .text.dcd_edpt_open
                0x10004870       0x40 CMakeFiles/example.dir/D_/Pico_Downloads/pico-sdk/lib/tinyusb/src/portable/raspberrypi/rp2040/dcd_rp2040.c.obj
                0x10004870                dcd_edpt_open
 .text.dcd_edpt_xfer
                0x100048b0       0x34 CMakeFiles/example.dir/D_/Pico_Downloads/pico-sdk/lib/tinyusb/src/portable/raspberrypi/rp2040/dcd_rp2040.c.obj
                0x100048b0                dcd_edpt_xfer
 .text.dcd_edpt_stall
                0x100048e4       0x28 CMakeFiles/example.dir/D_/Pico_Downloads/pico-sdk/lib/tinyusb/src/portable/raspberrypi/rp2040/dcd_rp2040.c.obj
                0x100048e4                dcd_edpt_stall
 .text.dcd_edpt_clear_stall
                0x1000490c       0x28 CMakeFiles/example.dir/D_/Pico_Downloads/pico-sdk/lib/tinyusb/src/portable/raspberrypi/rp2040/dcd_rp2040.c.obj
                0x1000490c                dcd_edpt_clear_stall
 .text.rp2040_usb_init
                0x10004934       0x50 CMakeFiles/example.dir/D_/Pico_Downloads/pico-sdk/lib/tinyusb/src/portable/raspberrypi/rp2040/rp2040_usb.c.obj
                0x10004934                rp2040_usb_init
 .text.hw_endpoint_reset_transfer
                0x10004984       0x14 CMakeFiles/example.dir/D_/Pico_Downloads/pico-sdk/lib/tinyusb/src/portable/raspberrypi/rp2040/rp2040_usb.c.obj
                0x10004984                hw_endpoint_reset_transfer
 .text._hw_endpoint_buffer_control_update32
                0x10004998       0x54 CMakeFiles/example.dir/D_/Pico_Downloads/pico-sdk/lib/tinyusb/src/portable/raspberrypi/rp2040/rp2040_usb.c.obj
                0x10004998                _hw_endpoint_buffer_control_update32
 .text._hw_endpoint_start_next_buffer
                0x100049ec       0x5a CMakeFiles/example.dir/D_/Pico_Downloads/pico-sdk/lib/tinyusb/src/portable/raspberrypi/rp2040/rp2040_usb.c.obj
                0x100049ec                _hw_endpoint_start_next_buffer
 .text._hw_endpoint_xfer_start
                0x10004a46       0x46 CMakeFiles/example.dir/D_/Pico_Downloads/pico-sdk/lib/tinyusb/src/portable/raspberrypi/rp2040/rp2040_usb.c.obj
                0x10004a46                _hw_endpoint_xfer_start
 .text._hw_endpoint_xfer_sync
                0x10004a8c       0x74 CMakeFiles/example.dir/D_/Pico_Downloads/pico-sdk/lib/tinyusb/src/portable/raspberrypi/rp2040/rp2040_usb.c.obj
                0x10004a8c                _hw_endpoint_xfer_sync
 .text._hw_endpoint_xfer_continue
                0x10004b00       0x58 CMakeFiles/example.dir/D_/Pico_Downloads/pico-sdk/lib/tinyusb/src/portable/raspberrypi/rp2040/rp2040_usb.c.obj
                0x10004b00                _hw_endpoint_xfer_continue
 .text._hw_endpoint_xfer
                0x10004b58       0x34 CMakeFiles/example.dir/D_/Pico_Downloads/pico-sdk/lib/tinyusb/src/portable/raspberrypi/rp2040/rp2040_usb.c.obj
                0x10004b58                _hw_endpoint_xfer
 .text.mark_interface_endpoint
                0x10004b8c       0x2a CMakeFiles/example.dir/D_/Pico_Downloads/pico-sdk/lib/tinyusb/src/device/usbd.c.obj
 *fill*         0x10004bb6        0x2 
 .text.usbd_reset
                0x10004bb8       0x88 CMakeFiles/example.dir/D_/Pico_Downloads/pico-sdk/lib/tinyusb/src/device/usbd.c.obj
 .text.invoke_class_control
                0x10004c40       0x18 CMakeFiles/example.dir/D_/Pico_Downloads/pico-sdk/lib/tinyusb/src/device/usbd.c.obj
 .text.process_set_config
                0x10004c58      0x1d0 CMakeFiles/example.dir/D_/Pico_Downloads/pico-sdk/lib/tinyusb/src/device/usbd.c.obj
 .text.process_get_descriptor
                0x10004e28       0xf4 CMakeFiles/example.dir/D_/Pico_Downloads/pico-sdk/lib/tinyusb/src/device/usbd.c.obj
 .text.tud_mounted
                0x10004f1c       0x10 CMakeFiles/example.dir/D_/Pico_Downloads/pico-sdk/lib/tinyusb/src/device/usbd.c.obj
                0x10004f1c                tud_mounted
 .text.tud_suspended
                0x10004f2c       0x10 CMakeFiles/example.dir/D_/Pico_Downloads/pico-sdk/lib/tinyusb/src/device/usbd.c.obj
                0x10004f2c                tud_suspended
 .text.tud_init
                0x10004f3c       0xb8 CMakeFiles/example.dir/D_/Pico_Downloads/pico-sdk/lib/tinyusb/src/device/usbd.c.obj
                0x10004f3c                tud_init
 .text.dcd_event_handler
                0x10004ff4      0x1c4 CMakeFiles/example.dir/D_/Pico_Downloads/pico-sdk/lib/tinyusb/src/device/usbd.c.obj
                0x10004ff4                dcd_event_handler
 .text.dcd_event_bus_signal
                0x100051b8       0x26 CMakeFiles/example.dir/D_/Pico_Downloads/pico-sdk/lib/tinyusb/src/device/usbd.c.obj
                0x100051b8                dcd_event_bus_signal
 .text.dcd_event_setup_received
                0x100051de       0x34 CMakeFiles/example.dir/D_/Pico_Downloads/pico-sdk/lib/tinyusb/src/device/usbd.c.obj
                0x100051de                dcd_event_setup_received
 .text.dcd_event_xfer_complete
                0x10005212       0x44 CMakeFiles/example.dir/D_/Pico_Downloads/pico-sdk/lib/tinyusb/src/device/usbd.c.obj
                0x10005212                dcd_event_xfer_complete
 .text.usbd_edpt_open
                0x10005256        0x8 CMakeFiles/example.dir/D_/Pico_Downloads/pico-sdk/lib/tinyusb/src/device/usbd.c.obj
                0x10005256                usbd_edpt_open
 *fill*         0x1000525e        0x2 
 .text.usbd_open_edpt_pair
                0x10005260       0x8c CMakeFiles/example.dir/D_/Pico_Downloads/pico-sdk/lib/tinyusb/src/device/usbd.c.obj
                0x10005260                usbd_open_edpt_pair
 .text.usbd_edpt_claim
                0x100052ec       0x8c CMakeFiles/example.dir/D_/Pico_Downloads/pico-sdk/lib/tinyusb/src/device/usbd.c.obj
                0x100052ec                usbd_edpt_claim
 .text.usbd_edpt_release
                0x10005378       0x68 CMakeFiles/example.dir/D_/Pico_Downloads/pico-sdk/lib/tinyusb/src/device/usbd.c.obj
                0x10005378                usbd_edpt_release
 .text.usbd_edpt_xfer
                0x100053e0       0x80 CMakeFiles/example.dir/D_/Pico_Downloads/pico-sdk/lib/tinyusb/src/device/usbd.c.obj
                0x100053e0                usbd_edpt_xfer
 .text.usbd_edpt_stall
                0x10005460       0x2c CMakeFiles/example.dir/D_/Pico_Downloads/pico-sdk/lib/tinyusb/src/device/usbd.c.obj
                0x10005460                usbd_edpt_stall
 .text.usbd_edpt_clear_stall
                0x1000548c       0x2c CMakeFiles/example.dir/D_/Pico_Downloads/pico-sdk/lib/tinyusb/src/device/usbd.c.obj
                0x1000548c                usbd_edpt_clear_stall
 .text.usbd_edpt_stalled
                0x100054b8       0x1c CMakeFiles/example.dir/D_/Pico_Downloads/pico-sdk/lib/tinyusb/src/device/usbd.c.obj
                0x100054b8                usbd_edpt_stalled
 .text.process_control_request
                0x100054d4      0x37c CMakeFiles/example.dir/D_/Pico_Downloads/pico-sdk/lib/tinyusb/src/device/usbd.c.obj
 .text.tud_task
                0x10005850      0x204 CMakeFiles/example.dir/D_/Pico_Downloads/pico-sdk/lib/tinyusb/src/device/usbd.c.obj
                0x10005850                tud_task
 .text._data_stage_xact
                0x10005a54       0x58 CMakeFiles/example.dir/D_/Pico_Downloads/pico-sdk/lib/tinyusb/src/device/usbd_control.c.obj
 .text.tud_control_status
                0x10005aac       0x38 CMakeFiles/example.dir/D_/Pico_Downloads/pico-sdk/lib/tinyusb/src/device/usbd_control.c.obj
                0x10005aac                tud_control_status
 .text.tud_control_xfer
                0x10005ae4       0xa8 CMakeFiles/example.dir/D_/Pico_Downloads/pico-sdk/lib/tinyusb/src/device/usbd_control.c.obj
                0x10005ae4                tud_control_xfer
 .text.usbd_control_reset
                0x10005b8c       0x14 CMakeFiles/example.dir/D_/Pico_Downloads/pico-sdk/lib/tinyusb/src/device/usbd_control.c.obj
                0x10005b8c                usbd_control_reset
 .text.usbd_control_set_complete_callback
                0x10005ba0        0xc CMakeFiles/example.dir/D_/Pico_Downloads/pico-sdk/lib/tinyusb/src/device/usbd_control.c.obj
                0x10005ba0                usbd_control_set_complete_callback
 .text.usbd_control_set_request
                0x10005bac       0x1c CMakeFiles/example.dir/D_/Pico_Downloads/pico-sdk/lib/tinyusb/src/device/usbd_control.c.obj
                0x10005bac                usbd_control_set_request
 .text.usbd_control_xfer_cb
                0x10005bc8       0xe8 CMakeFiles/example.dir/D_/Pico_Downloads/pico-sdk/lib/tinyusb/src/device/usbd_control.c.obj
                0x10005bc8                usbd_control_xfer_cb
 .text._prep_out_transaction
                0x10005cb0       0x46 CMakeFiles/example.dir/D_/Pico_Downloads/pico-sdk/lib/tinyusb/src/class/cdc/cdc_device.c.obj
 *fill*         0x10005cf6        0x2 
 .text.tud_cdc_n_connected
                0x10005cf8       0x48 CMakeFiles/example.dir/D_/Pico_Downloads/pico-sdk/lib/tinyusb/src/class/cdc/cdc_device.c.obj
                0x10005cf8                tud_cdc_n_connected
 .text.tud_cdc_n_available
                0x10005d40       0x20 CMakeFiles/example.dir/D_/Pico_Downloads/pico-sdk/lib/tinyusb/src/class/cdc/cdc_device.c.obj
                0x10005d40                tud_cdc_n_available
 .text.tud_cdc_n_read
                0x10005d60       0x30 CMakeFiles/example.dir/D_/Pico_Downloads/pico-sdk/lib/tinyusb/src/class/cdc/cdc_device.c.obj
                0x10005d60                tud_cdc_n_read
 .text.tud_cdc_n_write_flush
                0x10005d90       0xc4 CMakeFiles/example.dir/D_/Pico_Downloads/pico-sdk/lib/tinyusb/src/class/cdc/cdc_device.c.obj
                0x10005d90                tud_cdc_n_write_flush
 .text.tud_cdc_n_write
                0x10005e54       0x38 CMakeFiles/example.dir/D_/Pico_Downloads/pico-sdk/lib/tinyusb/src/class/cdc/cdc_device.c.obj
                0x10005e54                tud_cdc_n_write
 .text.tud_cdc_n_write_available
                0x10005e8c       0x20 CMakeFiles/example.dir/D_/Pico_Downloads/pico-sdk/lib/tinyusb/src/class/cdc/cdc_device.c.obj
                0x10005e8c                tud_cdc_n_write_available
 .text.cdcd_init
                0x10005eac       0xdc CMakeFiles/example.dir/D_/Pico_Downloads/pico-sdk/lib/tinyusb/src/class/cdc/cdc_device.c.obj
                0x10005eac                cdcd_init
 .text.cdcd_reset
                0x10005f88       0x44 CMakeFiles/example.dir/D_/Pico_Downloads/pico-sdk/lib/tinyusb/src/class/cdc/cdc_device.c.obj
                0x10005f88                cdcd_reset
 .text.cdcd_open
                0x10005fcc      0x118 CMakeFiles/example.dir/D_/Pico_Downloads/pico-sdk/lib/tinyusb/src/class/cdc/cdc_device.c.obj
                0x10005fcc                cdcd_open
 .text.cdcd_control_complete
                0x100060e4       0x60 CMakeFiles/example.dir/D_/Pico_Downloads/pico-sdk/lib/tinyusb/src/class/cdc/cdc_device.c.obj
                0x100060e4                cdcd_control_complete
 .text.cdcd_control_request
                0x10006144       0x9c CMakeFiles/example.dir/D_/Pico_Downloads/pico-sdk/lib/tinyusb/src/class/cdc/cdc_device.c.obj
                0x10006144                cdcd_control_request
 .text.cdcd_xfer_cb
                0x100061e0      0x130 CMakeFiles/example.dir/D_/Pico_Downloads/pico-sdk/lib/tinyusb/src/class/cdc/cdc_device.c.obj
                0x100061e0                cdcd_xfer_cb
 .text.tusb_init
                0x10006310       0x38 CMakeFiles/example.dir/D_/Pico_Downloads/pico-sdk/lib/tinyusb/src/tusb.c.obj
                0x10006310                tusb_init
 .text.tusb_inited
                0x10006348        0xc CMakeFiles/example.dir/D_/Pico_Downloads/pico-sdk/lib/tinyusb/src/tusb.c.obj
                0x10006348                tusb_inited
 .text.advance_pointer
                0x10006354       0x1e CMakeFiles/example.dir/D_/Pico_Downloads/pico-sdk/lib/tinyusb/src/common/tusb_fifo.c.obj
 .text.backward_pointer
                0x10006372       0x1a CMakeFiles/example.dir/D_/Pico_Downloads/pico-sdk/lib/tinyusb/src/common/tusb_fifo.c.obj
 .text.get_relative_pointer
                0x1000638c       0x16 CMakeFiles/example.dir/D_/Pico_Downloads/pico-sdk/lib/tinyusb/src/common/tusb_fifo.c.obj
 .text.tu_fifo_lock
                0x100063a2       0x12 CMakeFiles/example.dir/D_/Pico_Downloads/pico-sdk/lib/tinyusb/src/common/tusb_fifo.c.obj
 .text.tu_fifo_unlock
                0x100063b4        0xe CMakeFiles/example.dir/D_/Pico_Downloads/pico-sdk/lib/tinyusb/src/common/tusb_fifo.c.obj
 .text._tu_fifo_peek_at
                0x100063c2       0x66 CMakeFiles/example.dir/D_/Pico_Downloads/pico-sdk/lib/tinyusb/src/common/tusb_fifo.c.obj
 .text._ff_pull_n
                0x10006428       0x4a CMakeFiles/example.dir/D_/Pico_Downloads/pico-sdk/lib/tinyusb/src/common/tusb_fifo.c.obj
 .text._tu_fifo_peek_at_n
                0x10006472       0x72 CMakeFiles/example.dir/D_/Pico_Downloads/pico-sdk/lib/tinyusb/src/common/tusb_fifo.c.obj
 .text._ff_push_n
                0x100064e4       0x4a CMakeFiles/example.dir/D_/Pico_Downloads/pico-sdk/lib/tinyusb/src/common/tusb_fifo.c.obj
 .text.tu_fifo_config
                0x1000652e       0x48 CMakeFiles/example.dir/D_/Pico_Downloads/pico-sdk/lib/tinyusb/src/common/tusb_fifo.c.obj
                0x1000652e                tu_fifo_config
 .text.tu_fifo_count
                0x10006576       0x1c CMakeFiles/example.dir/D_/Pico_Downloads/pico-sdk/lib/tinyusb/src/common/tusb_fifo.c.obj
                0x10006576                tu_fifo_count
 .text.tu_fifo_remaining
                0x10006592       0x20 CMakeFiles/example.dir/D_/Pico_Downloads/pico-sdk/lib/tinyusb/src/common/tusb_fifo.c.obj
                0x10006592                tu_fifo_remaining
 .text.tu_fifo_read
                0x100065b2       0x3a CMakeFiles/example.dir/D_/Pico_Downloads/pico-sdk/lib/tinyusb/src/common/tusb_fifo.c.obj
                0x100065b2                tu_fifo_read
 .text.tu_fifo_read_n
                0x100065ec       0x3e CMakeFiles/example.dir/D_/Pico_Downloads/pico-sdk/lib/tinyusb/src/common/tusb_fifo.c.obj
                0x100065ec                tu_fifo_read_n
 .text.tu_fifo_write
                0x1000662a       0x5c CMakeFiles/example.dir/D_/Pico_Downloads/pico-sdk/lib/tinyusb/src/common/tusb_fifo.c.obj
                0x1000662a                tu_fifo_write
 .text.tu_fifo_write_n
                0x10006686       0x7c CMakeFiles/example.dir/D_/Pico_Downloads/pico-sdk/lib/tinyusb/src/common/tusb_fifo.c.obj
                0x10006686                tu_fifo_write_n
 .text.tu_fifo_clear
                0x10006702       0x18 CMakeFiles/example.dir/D_/Pico_Downloads/pico-sdk/lib/tinyusb/src/common/tusb_fifo.c.obj
                0x10006702                tu_fifo_clear
 *fill*         0x1000671a        0x2 
 .text.calloc   0x1000671c       0x18 c:/progra~2/gnuarm~1/102020~1/bin/../lib/gcc/arm-none-eabi/10.2.1/../../../../arm-none-eabi/lib/thumb/v6-m/nofp\libg.a(lib_a-calloc.o)
                0x1000671c                calloc
 .text._calloc_r
                0x10006734       0x5c c:/progra~2/gnuarm~1/102020~1/bin/../lib/gcc/arm-none-eabi/10.2.1/../../../../arm-none-eabi/lib/thumb/v6-m/nofp\libg.a(lib_a-callocr.o)
                0x10006734                _calloc_r
 .text.malloc   0x10006790       0x14 c:/progra~2/gnuarm~1/102020~1/bin/../lib/gcc/arm-none-eabi/10.2.1/../../../../arm-none-eabi/lib/thumb/v6-m/nofp\libg.a(lib_a-malloc.o)
                0x10006790                malloc
 .text._malloc_r
                0x100067a4      0x580 c:/progra~2/gnuarm~1/102020~1/bin/../lib/gcc/arm-none-eabi/10.2.1/../../../../arm-none-eabi/lib/thumb/v6-m/nofp\libg.a(lib_a-mallocr.o)
                0x100067a4                _malloc_r
 .text.__malloc_lock
                0x10006d24       0x10 c:/progra~2/gnuarm~1/102020~1/bin/../lib/gcc/arm-none-eabi/10.2.1/../../../../arm-none-eabi/lib/thumb/v6-m/nofp\libg.a(lib_a-mlock.o)
                0x10006d24                __malloc_lock
 .text.__malloc_unlock
                0x10006d34       0x10 c:/progra~2/gnuarm~1/102020~1/bin/../lib/gcc/arm-none-eabi/10.2.1/../../../../arm-none-eabi/lib/thumb/v6-m/nofp\libg.a(lib_a-mlock.o)
                0x10006d34                __malloc_unlock
 .text._sbrk_r  0x10006d44       0x24 c:/progra~2/gnuarm~1/102020~1/bin/../lib/gcc/arm-none-eabi/10.2.1/../../../../arm-none-eabi/lib/thumb/v6-m/nofp\libg.a(lib_a-sbrkr.o)
                0x10006d44                _sbrk_r
 .text.strlen   0x10006d68       0x5c c:/progra~2/gnuarm~1/102020~1/bin/../lib/gcc/arm-none-eabi/10.2.1/../../../../arm-none-eabi/lib/thumb/v6-m/nofp\libg.a(lib_a-strlen-stub.o)
                0x10006d68                strlen
 .text._malloc_trim_r
                0x10006dc4       0x9c c:/progra~2/gnuarm~1/102020~1/bin/../lib/gcc/arm-none-eabi/10.2.1/../../../../arm-none-eabi/lib/thumb/v6-m/nofp\libg.a(lib_a-freer.o)
                0x10006dc4                _malloc_trim_r
 .text._free_r  0x10006e60      0x1c4 c:/progra~2/gnuarm~1/102020~1/bin/../lib/gcc/arm-none-eabi/10.2.1/../../../../arm-none-eabi/lib/thumb/v6-m/nofp\libg.a(lib_a-freer.o)
                0x10006e60                _free_r
 .text.__retarget_lock_acquire_recursive
                0x10007024        0x4 c:/progra~2/gnuarm~1/102020~1/bin/../lib/gcc/arm-none-eabi/10.2.1/../../../../arm-none-eabi/lib/thumb/v6-m/nofp\libg.a(lib_a-lock.o)
                0x10007024                __retarget_lock_acquire_recursive
 .text.__retarget_lock_release_recursive
                0x10007028        0x4 c:/progra~2/gnuarm~1/102020~1/bin/../lib/gcc/arm-none-eabi/10.2.1/../../../../arm-none-eabi/lib/thumb/v6-m/nofp\libg.a(lib_a-lock.o)
                0x10007028                __retarget_lock_release_recursive
 *(.fini)
 .fini          0x1000702c        0x4 c:/progra~2/gnuarm~1/102020~1/bin/../lib/gcc/arm-none-eabi/10.2.1/thumb/v6-m/nofp/crti.o
                0x1000702c                _fini
 .fini.__stub   0x10007030       0x60 linker stubs
 *crtbegin.o(.ctors)
 *crtbegin?.o(.ctors)
 *(EXCLUDE_FILE(*crtend.o *crtend?.o) .ctors)
 *(SORT_BY_NAME(.ctors.*))
 *(.ctors)
 *crtbegin.o(.dtors)
 *crtbegin?.o(.dtors)
 *(EXCLUDE_FILE(*crtend.o *crtend?.o) .dtors)
 *(SORT_BY_NAME(.dtors.*))
 *(.dtors)
 *(.eh_frame*)
 .eh_frame      0x10007090        0x0 c:/progra~2/gnuarm~1/102020~1/bin/../lib/gcc/arm-none-eabi/10.2.1/thumb/v6-m/nofp/crtbegin.o
                0x10007090                . = ALIGN (0x4)

.glue_7         0x10007090        0x0
 .glue_7        0x10007090        0x0 linker stubs

.glue_7t        0x10007090        0x0
 .glue_7t       0x10007090        0x0 linker stubs

.vfp11_veneer   0x10007090        0x0
 .vfp11_veneer  0x10007090        0x0 linker stubs

.v4_bx          0x10007090        0x0
 .v4_bx         0x10007090        0x0 linker stubs

.iplt           0x10007090        0x0
 .iplt          0x10007090        0x0 c:/progra~2/gnuarm~1/102020~1/bin/../lib/gcc/arm-none-eabi/10.2.1/thumb/v6-m/nofp/crtbegin.o

.rodata         0x10007090     0x1394
 *(EXCLUDE_FILE(*libm.a: *libc.a:*lib_a-mem*.o *libgcc.a:) .rodata*)
 .rodata.main.str1.4
                0x10007090        0xc CMakeFiles/example.dir/hello.c.obj
 .rodata.spin_lock_claim_unused.str1.4
                0x1000709c       0x1b CMakeFiles/example.dir/D_/Pico_Downloads/pico-sdk/src/rp2_common/hardware_sync/sync.c.obj
 *fill*         0x100070b7        0x1 
 .rodata.alarm_pool_dump_key.str1.4
                0x100070b8       0x6b CMakeFiles/example.dir/D_/Pico_Downloads/pico-sdk/src/common/pico_time/time.c.obj
 *fill*         0x10007123        0x1 
 .rodata.ph_add_child_node.str1.4
                0x10007124       0x8e CMakeFiles/example.dir/D_/Pico_Downloads/pico-sdk/src/common/pico_time/time.c.obj
 *fill*         0x100071b2        0x2 
 .rodata.add_alarm_under_lock.str1.4
                0x100071b4       0x27 CMakeFiles/example.dir/D_/Pico_Downloads/pico-sdk/src/common/pico_time/time.c.obj
 *fill*         0x100071db        0x1 
 .rodata.alarm_pool_alarm_callback.str1.4
                0x100071dc       0x7d CMakeFiles/example.dir/D_/Pico_Downloads/pico-sdk/src/common/pico_time/time.c.obj
 *fill*         0x10007259        0x3 
 .rodata.alarm_pool_get_default.str1.4
                0x1000725c       0x13 CMakeFiles/example.dir/D_/Pico_Downloads/pico-sdk/src/common/pico_time/time.c.obj
 *fill*         0x1000726f        0x1 
 .rodata.alarm_pool_cancel_alarm.str1.4
                0x10007270       0x27 CMakeFiles/example.dir/D_/Pico_Downloads/pico-sdk/src/common/pico_time/time.c.obj
 *fill*         0x10007297        0x1 
 .rodata.__func__.0
                0x10007298       0x18 CMakeFiles/example.dir/D_/Pico_Downloads/pico-sdk/src/common/pico_time/time.c.obj
 .rodata.__func__.10
                0x100072b0       0x17 CMakeFiles/example.dir/D_/Pico_Downloads/pico-sdk/src/common/pico_time/time.c.obj
 *fill*         0x100072c7        0x1 
 .rodata.__func__.2
                0x100072c8       0x12 CMakeFiles/example.dir/D_/Pico_Downloads/pico-sdk/src/common/pico_time/time.c.obj
 *fill*         0x100072da        0x2 
 .rodata.__func__.3
                0x100072dc       0x14 CMakeFiles/example.dir/D_/Pico_Downloads/pico-sdk/src/common/pico_time/time.c.obj
 .rodata.__func__.4
                0x100072f0       0x12 CMakeFiles/example.dir/D_/Pico_Downloads/pico-sdk/src/common/pico_time/time.c.obj
 *fill*         0x10007302        0x2 
 .rodata.__func__.5
                0x10007304        0xa CMakeFiles/example.dir/D_/Pico_Downloads/pico-sdk/src/common/pico_time/time.c.obj
 *fill*         0x1000730e        0x2 
 .rodata.__func__.6
                0x10007310        0xc CMakeFiles/example.dir/D_/Pico_Downloads/pico-sdk/src/common/pico_time/time.c.obj
 .rodata.__func__.7
                0x1000731c       0x15 CMakeFiles/example.dir/D_/Pico_Downloads/pico-sdk/src/common/pico_time/time.c.obj
 *fill*         0x10007331        0x3 
 .rodata.__func__.8
                0x10007334       0x1a CMakeFiles/example.dir/D_/Pico_Downloads/pico-sdk/src/common/pico_time/time.c.obj
 *fill*         0x1000734e        0x2 
 .rodata.__func__.9
                0x10007350        0xa CMakeFiles/example.dir/D_/Pico_Downloads/pico-sdk/src/common/pico_time/time.c.obj
 *fill*         0x1000735a        0x2 
 .rodata.hardware_alarm_claim.str1.4
                0x1000735c       0x22 CMakeFiles/example.dir/D_/Pico_Downloads/pico-sdk/src/rp2_common/hardware_timer/timer.c.obj
 *fill*         0x1000737e        0x2 
 .rodata.hardware_alarm_set_target.str1.4
                0x10007380       0x65 CMakeFiles/example.dir/D_/Pico_Downloads/pico-sdk/src/rp2_common/hardware_timer/timer.c.obj
 *fill*         0x100073e5        0x3 
 .rodata.__func__.0
                0x100073e8       0x1a CMakeFiles/example.dir/D_/Pico_Downloads/pico-sdk/src/rp2_common/hardware_timer/timer.c.obj
 *fill*         0x10007402        0x2 
 .rodata.lock_init.str1.4
                0x10007404       0x68 CMakeFiles/example.dir/D_/Pico_Downloads/pico-sdk/src/common/pico_sync/lock_core.c.obj
 .rodata.__func__.0
                0x1000746c        0xa CMakeFiles/example.dir/D_/Pico_Downloads/pico-sdk/src/common/pico_sync/lock_core.c.obj
 *fill*         0x10007476        0x2 
 .rodata.str1.4
                0x10007478       0x5c CMakeFiles/example.dir/D_/Pico_Downloads/pico-sdk/src/common/pico_sync/mutex.c.obj
 .rodata.__func__.0
                0x100074d4        0xb CMakeFiles/example.dir/D_/Pico_Downloads/pico-sdk/src/common/pico_sync/mutex.c.obj
 *fill*         0x100074df        0x1 
 .rodata.__func__.1
                0x100074e0       0x18 CMakeFiles/example.dir/D_/Pico_Downloads/pico-sdk/src/common/pico_sync/mutex.c.obj
 .rodata.__func__.2
                0x100074f8       0x15 CMakeFiles/example.dir/D_/Pico_Downloads/pico-sdk/src/common/pico_sync/mutex.c.obj
 .rodata.ph_add_child_node.str1.4
                0x1000750d       0x8e CMakeFiles/example.dir/D_/Pico_Downloads/pico-sdk/src/common/pico_util/pheap.c.obj
 *fill*         0x1000750d        0x3 
 .rodata.ph_remove_any_head.str1.4
                0x10007510       0x8c CMakeFiles/example.dir/D_/Pico_Downloads/pico-sdk/src/common/pico_util/pheap.c.obj
 .rodata.ph_delete.str1.4
                0x1000759c       0x26 CMakeFiles/example.dir/D_/Pico_Downloads/pico-sdk/src/common/pico_util/pheap.c.obj
 *fill*         0x100075c2        0x2 
 .rodata.__func__.0
                0x100075c4        0xa CMakeFiles/example.dir/D_/Pico_Downloads/pico-sdk/src/common/pico_util/pheap.c.obj
 *fill*         0x100075ce        0x2 
 .rodata.__func__.1
                0x100075d0       0x13 CMakeFiles/example.dir/D_/Pico_Downloads/pico-sdk/src/common/pico_util/pheap.c.obj
 *fill*         0x100075e3        0x1 
 .rodata.__func__.2
                0x100075e4       0x12 CMakeFiles/example.dir/D_/Pico_Downloads/pico-sdk/src/common/pico_util/pheap.c.obj
 *fill*         0x100075f6        0x2 
 .rodata.__func__.3
                0x100075f8        0xc CMakeFiles/example.dir/D_/Pico_Downloads/pico-sdk/src/common/pico_util/pheap.c.obj
 .rodata.__assert_func.str1.4
                0x10007604       0x3f CMakeFiles/example.dir/D_/Pico_Downloads/pico-sdk/src/rp2_common/pico_runtime/runtime.c.obj
                                 0x43 (size before relaxing)
 *fill*         0x10007643        0x1 
 .rodata.panic.str1.4
                0x10007644       0x12 CMakeFiles/example.dir/D_/Pico_Downloads/pico-sdk/src/rp2_common/pico_runtime/runtime.c.obj
 *fill*         0x10007656        0x2 
 .rodata.clock_configure.str1.4
                0x10007658       0x57 CMakeFiles/example.dir/D_/Pico_Downloads/pico-sdk/src/rp2_common/hardware_clocks/clocks.c.obj
 *fill*         0x100076af        0x1 
 .rodata.__func__.1
                0x100076b0       0x10 CMakeFiles/example.dir/D_/Pico_Downloads/pico-sdk/src/rp2_common/hardware_clocks/clocks.c.obj
 .rodata.pll_init.str1.4
                0x100076c0       0xdb CMakeFiles/example.dir/D_/Pico_Downloads/pico-sdk/src/rp2_common/hardware_pll/pll.c.obj
 *fill*         0x1000779b        0x1 
 .rodata.__func__.0
                0x1000779c        0x9 CMakeFiles/example.dir/D_/Pico_Downloads/pico-sdk/src/rp2_common/hardware_pll/pll.c.obj
 *fill*         0x100077a5        0x3 
 .rodata.make_branch.str1.4
                0x100077a8       0x4d CMakeFiles/example.dir/D_/Pico_Downloads/pico-sdk/src/rp2_common/hardware_irq/irq.c.obj
 *fill*         0x100077f5        0x3 
 .rodata.irq_set_exclusive_handler.str1.4
                0x100077f8       0x36 CMakeFiles/example.dir/D_/Pico_Downloads/pico-sdk/src/rp2_common/hardware_irq/irq.c.obj
 *fill*         0x1000782e        0x2 
 .rodata.irq_add_shared_handler.str1.4
                0x10007830       0xd9 CMakeFiles/example.dir/D_/Pico_Downloads/pico-sdk/src/rp2_common/hardware_irq/irq.c.obj
 *fill*         0x10007909        0x3 
 .rodata.irq_remove_handler.str1.4
                0x1000790c       0x2a CMakeFiles/example.dir/D_/Pico_Downloads/pico-sdk/src/rp2_common/hardware_irq/irq.c.obj
 *fill*         0x10007936        0x2 
 .rodata.irq_add_tail_to_free_list.str1.4
                0x10007938       0x32 CMakeFiles/example.dir/D_/Pico_Downloads/pico-sdk/src/rp2_common/hardware_irq/irq.c.obj
                                 0x3a (size before relaxing)
 *fill*         0x1000796a        0x2 
 .rodata.__func__.0
                0x1000796c       0x1a CMakeFiles/example.dir/D_/Pico_Downloads/pico-sdk/src/rp2_common/hardware_irq/irq.c.obj
 *fill*         0x10007986        0x2 
 .rodata.__func__.1
                0x10007988       0x17 CMakeFiles/example.dir/D_/Pico_Downloads/pico-sdk/src/rp2_common/hardware_irq/irq.c.obj
 *fill*         0x1000799f        0x1 
 .rodata.__func__.2
                0x100079a0       0x13 CMakeFiles/example.dir/D_/Pico_Downloads/pico-sdk/src/rp2_common/hardware_irq/irq.c.obj
 *fill*         0x100079b3        0x1 
 .rodata.__func__.3
                0x100079b4        0xc CMakeFiles/example.dir/D_/Pico_Downloads/pico-sdk/src/rp2_common/hardware_irq/irq.c.obj
 .rodata.__func__.4
                0x100079c0        0xf CMakeFiles/example.dir/D_/Pico_Downloads/pico-sdk/src/rp2_common/hardware_irq/irq.c.obj
 *fill*         0x100079cf        0x1 
 .rodata.__func__.6
                0x100079d0       0x1a CMakeFiles/example.dir/D_/Pico_Downloads/pico-sdk/src/rp2_common/hardware_irq/irq.c.obj
 *fill*         0x100079ea        0x2 
 .rodata._ftoa.str1.4
                0x100079ec       0x15 CMakeFiles/example.dir/D_/Pico_Downloads/pico-sdk/src/rp2_common/pico_printf/printf.c.obj
 *fill*         0x10007a01        0x3 
 .rodata._vsnprintf
                0x10007a04      0x1e0 CMakeFiles/example.dir/D_/Pico_Downloads/pico-sdk/src/rp2_common/pico_printf/printf.c.obj
 *fill*         0x10007be4        0x4 
 .rodata.pow10.0
                0x10007be8       0x50 CMakeFiles/example.dir/D_/Pico_Downloads/pico-sdk/src/rp2_common/pico_printf/printf.c.obj
 .rodata.__aeabi_double_init.str1.4
                0x10007c38       0xa8 CMakeFiles/example.dir/D_/Pico_Downloads/pico-sdk/src/rp2_common/pico_double/double_init_rom.c.obj
 .rodata.__func__.0
                0x10007ce0       0x14 CMakeFiles/example.dir/D_/Pico_Downloads/pico-sdk/src/rp2_common/pico_double/double_init_rom.c.obj
 .rodata.__aeabi_float_init.str1.4
                0x10007cf4       0x7a CMakeFiles/example.dir/D_/Pico_Downloads/pico-sdk/src/rp2_common/pico_float/float_init_rom.c.obj
                                 0x7e (size before relaxing)
 *fill*         0x10007d6e        0x2 
 .rodata.__func__.0
                0x10007d70       0x13 CMakeFiles/example.dir/D_/Pico_Downloads/pico-sdk/src/rp2_common/pico_float/float_init_rom.c.obj
 *fill*         0x10007d83        0x1 
 .rodata.str1.4
                0x10007d84       0x64 CMakeFiles/example.dir/D_/Pico_Downloads/pico-sdk/src/rp2_common/pico_standard_link/binary_info.c.obj
 .rodata.__bi_40
                0x10007de8        0xc CMakeFiles/example.dir/D_/Pico_Downloads/pico-sdk/src/rp2_common/pico_standard_link/binary_info.c.obj
 .rodata.__bi_65
                0x10007df4        0xc CMakeFiles/example.dir/D_/Pico_Downloads/pico-sdk/src/rp2_common/pico_standard_link/binary_info.c.obj
 .rodata.__bi_71
                0x10007e00        0xc CMakeFiles/example.dir/D_/Pico_Downloads/pico-sdk/src/rp2_common/pico_standard_link/binary_info.c.obj
 .rodata.crlf_str.1
                0x10007e0c        0x2 CMakeFiles/example.dir/D_/Pico_Downloads/pico-sdk/src/rp2_common/pico_stdio/stdio.c.obj
 *fill*         0x10007e0e        0x2 
 .rodata.str1.4
                0x10007e10       0x13 CMakeFiles/example.dir/D_/Pico_Downloads/pico-sdk/src/rp2_common/pico_stdio_usb/stdio_usb.c.obj
 *fill*         0x10007e23        0x1 
 .rodata.__bi_93.0
                0x10007e24        0xc CMakeFiles/example.dir/D_/Pico_Downloads/pico-sdk/src/rp2_common/pico_stdio_usb/stdio_usb.c.obj
 .rodata.str1.4
                0x10007e30       0x32 CMakeFiles/example.dir/D_/Pico_Downloads/pico-sdk/src/rp2_common/pico_stdio_usb/stdio_usb_descriptors.c.obj
 *fill*         0x10007e62        0x2 
 .rodata.usbd_desc_cfg
                0x10007e64       0x4b CMakeFiles/example.dir/D_/Pico_Downloads/pico-sdk/src/rp2_common/pico_stdio_usb/stdio_usb_descriptors.c.obj
 *fill*         0x10007eaf        0x1 
 .rodata.usbd_desc_device
                0x10007eb0       0x12 CMakeFiles/example.dir/D_/Pico_Downloads/pico-sdk/src/rp2_common/pico_stdio_usb/stdio_usb_descriptors.c.obj
 *fill*         0x10007ec2        0x2 
 .rodata.usbd_desc_str
                0x10007ec4       0x14 CMakeFiles/example.dir/D_/Pico_Downloads/pico-sdk/src/rp2_common/pico_stdio_usb/stdio_usb_descriptors.c.obj
 .rodata._hw_endpoint_alloc.str1.4
                0x10007ed8       0xb5 CMakeFiles/example.dir/D_/Pico_Downloads/pico-sdk/lib/tinyusb/src/portable/raspberrypi/rp2040/dcd_rp2040.c.obj
 *fill*         0x10007f8d        0x3 
 .rodata._hw_endpoint_init.str1.4
                0x10007f90       0x28 CMakeFiles/example.dir/D_/Pico_Downloads/pico-sdk/lib/tinyusb/src/portable/raspberrypi/rp2040/dcd_rp2040.c.obj
 .rodata.hw_handle_buff_status.str1.4
                0x10007fb8        0xb CMakeFiles/example.dir/D_/Pico_Downloads/pico-sdk/lib/tinyusb/src/portable/raspberrypi/rp2040/dcd_rp2040.c.obj
 *fill*         0x10007fc3        0x1 
 .rodata.dcd_rp2040_irq.str1.4
                0x10007fc4       0x14 CMakeFiles/example.dir/D_/Pico_Downloads/pico-sdk/lib/tinyusb/src/portable/raspberrypi/rp2040/dcd_rp2040.c.obj
 .rodata._hw_endpoint_stall.str1.4
                0x10007fd8        0xd CMakeFiles/example.dir/D_/Pico_Downloads/pico-sdk/lib/tinyusb/src/portable/raspberrypi/rp2040/dcd_rp2040.c.obj
 *fill*         0x10007fe5        0x3 
 .rodata.dcd_int_enable.str1.4
                0x10007fe8        0xc CMakeFiles/example.dir/D_/Pico_Downloads/pico-sdk/lib/tinyusb/src/portable/raspberrypi/rp2040/dcd_rp2040.c.obj
 .rodata.__func__.0
                0x10007ff4       0x15 CMakeFiles/example.dir/D_/Pico_Downloads/pico-sdk/lib/tinyusb/src/portable/raspberrypi/rp2040/dcd_rp2040.c.obj
 *fill*         0x10008009        0x3 
 .rodata.__func__.1
                0x1000800c       0x13 CMakeFiles/example.dir/D_/Pico_Downloads/pico-sdk/lib/tinyusb/src/portable/raspberrypi/rp2040/dcd_rp2040.c.obj
 *fill*         0x1000801f        0x1 
 .rodata.__func__.10
                0x10008020        0xf CMakeFiles/example.dir/D_/Pico_Downloads/pico-sdk/lib/tinyusb/src/portable/raspberrypi/rp2040/dcd_rp2040.c.obj
 *fill*         0x1000802f        0x1 
 .rodata.__func__.11
                0x10008030       0x13 CMakeFiles/example.dir/D_/Pico_Downloads/pico-sdk/lib/tinyusb/src/portable/raspberrypi/rp2040/dcd_rp2040.c.obj
 *fill*         0x10008043        0x1 
 .rodata.__func__.12
                0x10008044       0x16 CMakeFiles/example.dir/D_/Pico_Downloads/pico-sdk/lib/tinyusb/src/portable/raspberrypi/rp2040/dcd_rp2040.c.obj
 *fill*         0x1000805a        0x2 
 .rodata.__func__.13
                0x1000805c        0x9 CMakeFiles/example.dir/D_/Pico_Downloads/pico-sdk/lib/tinyusb/src/portable/raspberrypi/rp2040/dcd_rp2040.c.obj
 *fill*         0x10008065        0x3 
 .rodata.__func__.2
                0x10008068        0xf CMakeFiles/example.dir/D_/Pico_Downloads/pico-sdk/lib/tinyusb/src/portable/raspberrypi/rp2040/dcd_rp2040.c.obj
 *fill*         0x10008077        0x1 
 .rodata.__func__.3
                0x10008078        0xe CMakeFiles/example.dir/D_/Pico_Downloads/pico-sdk/lib/tinyusb/src/portable/raspberrypi/rp2040/dcd_rp2040.c.obj
 *fill*         0x10008086        0x2 
 .rodata.__func__.4
                0x10008088        0xe CMakeFiles/example.dir/D_/Pico_Downloads/pico-sdk/lib/tinyusb/src/portable/raspberrypi/rp2040/dcd_rp2040.c.obj
 *fill*         0x10008096        0x2 
 .rodata.__func__.5
                0x10008098       0x1a CMakeFiles/example.dir/D_/Pico_Downloads/pico-sdk/lib/tinyusb/src/portable/raspberrypi/rp2040/dcd_rp2040.c.obj
 *fill*         0x100080b2        0x2 
 .rodata.__func__.6
                0x100080b4        0xc CMakeFiles/example.dir/D_/Pico_Downloads/pico-sdk/lib/tinyusb/src/portable/raspberrypi/rp2040/dcd_rp2040.c.obj
 .rodata.__func__.8
                0x100080c0       0x10 CMakeFiles/example.dir/D_/Pico_Downloads/pico-sdk/lib/tinyusb/src/portable/raspberrypi/rp2040/dcd_rp2040.c.obj
 .rodata._hw_endpoint_buffer_control_update32.str1.4
                0x100080d0       0x1f CMakeFiles/example.dir/D_/Pico_Downloads/pico-sdk/lib/tinyusb/src/portable/raspberrypi/rp2040/rp2040_usb.c.obj
 *fill*         0x100080ef        0x1 
 .rodata._hw_endpoint_xfer_sync.str1.4
                0x100080f0       0x91 CMakeFiles/example.dir/D_/Pico_Downloads/pico-sdk/lib/tinyusb/src/portable/raspberrypi/rp2040/rp2040_usb.c.obj
 *fill*         0x10008181        0x3 
 .rodata._hw_endpoint_xfer_continue.str1.4
                0x10008184       0x50 CMakeFiles/example.dir/D_/Pico_Downloads/pico-sdk/lib/tinyusb/src/portable/raspberrypi/rp2040/rp2040_usb.c.obj
 .rodata._hw_endpoint_xfer.str1.4
                0x100081d4        0xf CMakeFiles/example.dir/D_/Pico_Downloads/pico-sdk/lib/tinyusb/src/portable/raspberrypi/rp2040/rp2040_usb.c.obj
 *fill*         0x100081e3        0x1 
 .rodata.str1.4
                0x100081e4        0x7 CMakeFiles/example.dir/D_/Pico_Downloads/pico-sdk/lib/tinyusb/src/portable/raspberrypi/rp2040/rp2040_usb.c.obj
 *fill*         0x100081eb        0x1 
 .rodata.__func__.0
                0x100081ec       0x12 CMakeFiles/example.dir/D_/Pico_Downloads/pico-sdk/lib/tinyusb/src/portable/raspberrypi/rp2040/rp2040_usb.c.obj
 *fill*         0x100081fe        0x2 
 .rodata.__func__.1
                0x10008200       0x17 CMakeFiles/example.dir/D_/Pico_Downloads/pico-sdk/lib/tinyusb/src/portable/raspberrypi/rp2040/rp2040_usb.c.obj
 *fill*         0x10008217        0x1 
 .rodata.process_set_config.str1.4
                0x10008218       0x17 CMakeFiles/example.dir/D_/Pico_Downloads/pico-sdk/lib/tinyusb/src/device/usbd.c.obj
 *fill*         0x1000822f        0x1 
 .rodata.process_get_descriptor
                0x10008230       0x40 CMakeFiles/example.dir/D_/Pico_Downloads/pico-sdk/lib/tinyusb/src/device/usbd.c.obj
 .rodata.dcd_event_handler.str1.4
                0x10008270       0x46 CMakeFiles/example.dir/D_/Pico_Downloads/pico-sdk/lib/tinyusb/src/device/usbd.c.obj
 *fill*         0x100082b6        0x2 
 .rodata.process_control_request
                0x100082b8       0x28 CMakeFiles/example.dir/D_/Pico_Downloads/pico-sdk/lib/tinyusb/src/device/usbd.c.obj
 .rodata.tud_task
                0x100082e0       0x24 CMakeFiles/example.dir/D_/Pico_Downloads/pico-sdk/lib/tinyusb/src/device/usbd.c.obj
 .rodata.__func__.1
                0x10008304        0xf CMakeFiles/example.dir/D_/Pico_Downloads/pico-sdk/lib/tinyusb/src/device/usbd.c.obj
 *fill*         0x10008313        0x1 
 .rodata.__func__.2
                0x10008314       0x14 CMakeFiles/example.dir/D_/Pico_Downloads/pico-sdk/lib/tinyusb/src/device/usbd.c.obj
 .rodata.__func__.3
                0x10008328       0x10 CMakeFiles/example.dir/D_/Pico_Downloads/pico-sdk/lib/tinyusb/src/device/usbd.c.obj
 .rodata.__func__.4
                0x10008338       0x17 CMakeFiles/example.dir/D_/Pico_Downloads/pico-sdk/lib/tinyusb/src/device/usbd.c.obj
 *fill*         0x1000834f        0x1 
 .rodata.__func__.5
                0x10008350       0x13 CMakeFiles/example.dir/D_/Pico_Downloads/pico-sdk/lib/tinyusb/src/device/usbd.c.obj
 *fill*         0x10008363        0x1 
 .rodata.__func__.6
                0x10008364       0x18 CMakeFiles/example.dir/D_/Pico_Downloads/pico-sdk/lib/tinyusb/src/device/usbd.c.obj
 .rodata.__func__.7
                0x1000837c       0x13 CMakeFiles/example.dir/D_/Pico_Downloads/pico-sdk/lib/tinyusb/src/device/usbd.c.obj
 *fill*         0x1000838f        0x1 
 .rodata.__func__.8
                0x10008390        0x9 CMakeFiles/example.dir/D_/Pico_Downloads/pico-sdk/lib/tinyusb/src/device/usbd.c.obj
 *fill*         0x10008399        0x3 
 .rodata._usbd_driver
                0x1000839c       0x1c CMakeFiles/example.dir/D_/Pico_Downloads/pico-sdk/lib/tinyusb/src/device/usbd.c.obj
 .rodata.tud_control_xfer.str1.4
                0x100083b8       0x17 CMakeFiles/example.dir/D_/Pico_Downloads/pico-sdk/lib/tinyusb/src/device/usbd_control.c.obj
 .rodata.__func__.0
                0x100083b8       0x15 CMakeFiles/example.dir/D_/Pico_Downloads/pico-sdk/lib/tinyusb/src/device/usbd_control.c.obj
 *fill*         0x100083cd        0x3 
 .rodata.__func__.1
                0x100083d0       0x11 CMakeFiles/example.dir/D_/Pico_Downloads/pico-sdk/lib/tinyusb/src/device/usbd_control.c.obj
 .rodata.tud_cdc_n_write_flush.str1.4
                0x100083e1       0x17 CMakeFiles/example.dir/D_/Pico_Downloads/pico-sdk/lib/tinyusb/src/class/cdc/cdc_device.c.obj
 *fill*         0x100083e1        0x3 
 .rodata.__func__.0
                0x100083e4        0xd CMakeFiles/example.dir/D_/Pico_Downloads/pico-sdk/lib/tinyusb/src/class/cdc/cdc_device.c.obj
 *fill*         0x100083f1        0x3 
 .rodata.__func__.1
                0x100083f4        0xa CMakeFiles/example.dir/D_/Pico_Downloads/pico-sdk/lib/tinyusb/src/class/cdc/cdc_device.c.obj
 *fill*         0x100083fe        0x2 
 .rodata.__func__.2
                0x10008400       0x16 CMakeFiles/example.dir/D_/Pico_Downloads/pico-sdk/lib/tinyusb/src/class/cdc/cdc_device.c.obj
 .rodata.tusb_init.str1.4
                0x10008416       0x17 CMakeFiles/example.dir/D_/Pico_Downloads/pico-sdk/lib/tinyusb/src/tusb.c.obj
 *fill*         0x10008416        0x2 
 .rodata.__func__.0
                0x10008418        0xa CMakeFiles/example.dir/D_/Pico_Downloads/pico-sdk/lib/tinyusb/src/tusb.c.obj
                0x10008424                . = ALIGN (0x4)
 *fill*         0x10008422        0x2 
 *(SORT_BY_ALIGNMENT(SORT_BY_NAME(.flashdata*)))
                0x10008424                . = ALIGN (0x4)

.rel.dyn        0x10008424        0x0
 .rel.iplt      0x10008424        0x0 c:/progra~2/gnuarm~1/102020~1/bin/../lib/gcc/arm-none-eabi/10.2.1/thumb/v6-m/nofp/crtbegin.o

.ARM.extab
 *(.ARM.extab* .gnu.linkonce.armextab.*)
                0x10008424                __exidx_start = .

.ARM.exidx
 *(.ARM.exidx* .gnu.linkonce.armexidx.*)
                0x10008424                __exidx_end = .
                0x10008424                . = ALIGN (0x4)
                0x10008424                __binary_info_start = .

.binary_info    0x10008424       0x20
 *(.binary_info.keep.*)
 .binary_info.keep.__bi_ptr18
                0x10008424        0x4 CMakeFiles/example.dir/D_/Pico_Downloads/pico-sdk/src/rp2_common/pico_standard_link/binary_info.c.obj
 .binary_info.keep.__bi_ptr26
                0x10008428        0x4 CMakeFiles/example.dir/D_/Pico_Downloads/pico-sdk/src/rp2_common/pico_standard_link/binary_info.c.obj
 .binary_info.keep.__bi_ptr34
                0x1000842c        0x4 CMakeFiles/example.dir/D_/Pico_Downloads/pico-sdk/src/rp2_common/pico_standard_link/binary_info.c.obj
 .binary_info.keep.__bi_ptr40
                0x10008430        0x4 CMakeFiles/example.dir/D_/Pico_Downloads/pico-sdk/src/rp2_common/pico_standard_link/binary_info.c.obj
 .binary_info.keep.__bi_ptr46
                0x10008434        0x4 CMakeFiles/example.dir/D_/Pico_Downloads/pico-sdk/src/rp2_common/pico_standard_link/binary_info.c.obj
 .binary_info.keep.__bi_ptr65
                0x10008438        0x4 CMakeFiles/example.dir/D_/Pico_Downloads/pico-sdk/src/rp2_common/pico_standard_link/binary_info.c.obj
 .binary_info.keep.__bi_ptr71
                0x1000843c        0x4 CMakeFiles/example.dir/D_/Pico_Downloads/pico-sdk/src/rp2_common/pico_standard_link/binary_info.c.obj
 *(.binary_info.*)
 .binary_info.__bi_ptr93
                0x10008440        0x4 CMakeFiles/example.dir/D_/Pico_Downloads/pico-sdk/src/rp2_common/pico_stdio_usb/stdio_usb.c.obj
                0x10008444                __binary_info_end = .
                0x10008444                . = ALIGN (0x4)
                0x10008444                __etext = .

.ram_vector_table
                0x20000000       0xc0
 *(.ram_vector_table)
 .ram_vector_table
                0x20000000       0xc0 CMakeFiles/example.dir/D_/Pico_Downloads/pico-sdk/src/rp2_common/pico_runtime/runtime.c.obj
                0x20000000                ram_vector_table

.data           0x200000c0      0xb04 load address 0x10008444
                0x200000c0                __data_start__ = .
 *(vtable)
 *(.time_critical*)
 .time_critical.mutex_enter_blocking
                0x200000c0       0x64 CMakeFiles/example.dir/D_/Pico_Downloads/pico-sdk/src/common/pico_sync/mutex.c.obj
                0x200000c0                mutex_enter_blocking
 .time_critical.mutex_try_enter
                0x20000124       0x44 CMakeFiles/example.dir/D_/Pico_Downloads/pico-sdk/src/common/pico_sync/mutex.c.obj
                0x20000124                mutex_try_enter
 .time_critical.mutex_enter_block_until
                0x20000168       0x78 CMakeFiles/example.dir/D_/Pico_Downloads/pico-sdk/src/common/pico_sync/mutex.c.obj
                0x20000168                mutex_enter_block_until
 .time_critical.mutex_enter_timeout_ms
                0x200001e0       0x4a CMakeFiles/example.dir/D_/Pico_Downloads/pico-sdk/src/common/pico_sync/mutex.c.obj
                0x200001e0                mutex_enter_timeout_ms
 *fill*         0x2000022a        0x2 
 .time_critical.mutex_exit
                0x2000022c       0x4c CMakeFiles/example.dir/D_/Pico_Downloads/pico-sdk/src/common/pico_sync/mutex.c.obj
                0x2000022c                mutex_exit
 *(.text*)
 .text          0x20000278        0x4 c:/progra~2/gnuarm~1/102020~1/bin/../lib/gcc/arm-none-eabi/10.2.1/thumb/v6-m/nofp\libgcc.a(_dvmd_tls.o)
                0x20000278                __aeabi_idiv0
                0x20000278                __aeabi_ldiv0
 *fill*         0x2000027c        0x4 
 .text.__stub   0x20000280       0x40 linker stubs
                0x200002c0                . = ALIGN (0x4)
 *(.rodata*)
                0x200002c0                . = ALIGN (0x4)
 *(.data*)
 .data.striped_spin_lock_num
                0x200002c0        0x1 CMakeFiles/example.dir/D_/Pico_Downloads/pico-sdk/src/rp2_common/hardware_sync/sync.c.obj
 *fill*         0x200002c1        0x3 
 .data          0x200002c4       0x48 CMakeFiles/example.dir/D_/Pico_Downloads/pico-sdk/src/rp2_common/hardware_irq/irq_handler_chain.S.obj
                0x200002c4                irq_handler_chain_slots
                0x200002f4                irq_handler_chain_first_slot
                0x200002fe                irq_handler_chain_remove_tail
 *fill*         0x2000030c        0x4 
 .data.aeabi_bits_funcs
                0x20000310       0x10 CMakeFiles/example.dir/D_/Pico_Downloads/pico-sdk/src/rp2_common/pico_bit_ops/bit_ops_aeabi.S.obj
                0x20000310                aeabi_bits_funcs
                0x20000320                aeabi_bits_funcs_end
 .data.aeabi_mem_funcs
                0x20000320       0x10 CMakeFiles/example.dir/D_/Pico_Downloads/pico-sdk/src/rp2_common/pico_mem_ops/mem_ops_aeabi.S.obj
                0x20000320                aeabi_mem_funcs
                0x20000330                aeabi_mem_funcs_end
 .data.stdio_usb
                0x20000330       0x14 CMakeFiles/example.dir/D_/Pico_Downloads/pico-sdk/src/rp2_common/pico_stdio_usb/stdio_usb.c.obj
                0x20000330                stdio_usb
 .data.ep_dir_string
                0x20000344        0x8 CMakeFiles/example.dir/D_/Pico_Downloads/pico-sdk/lib/tinyusb/src/portable/raspberrypi/rp2040/rp2040_usb.c.obj
                0x20000344                ep_dir_string
 .data._usbd_qdef
                0x2000034c       0x20 CMakeFiles/example.dir/D_/Pico_Downloads/pico-sdk/lib/tinyusb/src/device/usbd.c.obj
                0x2000034c                _usbd_qdef
 .data._impure_ptr
                0x2000036c        0x4 c:/progra~2/gnuarm~1/102020~1/bin/../lib/gcc/arm-none-eabi/10.2.1/../../../../arm-none-eabi/lib/thumb/v6-m/nofp\libg.a(lib_a-impure.o)
                0x2000036c                _impure_ptr
 .data.impure_data
                0x20000370      0x428 c:/progra~2/gnuarm~1/102020~1/bin/../lib/gcc/arm-none-eabi/10.2.1/../../../../arm-none-eabi/lib/thumb/v6-m/nofp\libg.a(lib_a-impure.o)
 .data.__malloc_av_
                0x20000798      0x408 c:/progra~2/gnuarm~1/102020~1/bin/../lib/gcc/arm-none-eabi/10.2.1/../../../../arm-none-eabi/lib/thumb/v6-m/nofp\libg.a(lib_a-mallocr.o)
                0x20000798                __malloc_av_
 .data.__malloc_sbrk_base
                0x20000ba0        0x4 c:/progra~2/gnuarm~1/102020~1/bin/../lib/gcc/arm-none-eabi/10.2.1/../../../../arm-none-eabi/lib/thumb/v6-m/nofp\libg.a(lib_a-mallocr.o)
                0x20000ba0                __malloc_sbrk_base
 .data.__malloc_trim_threshold
                0x20000ba4        0x4 c:/progra~2/gnuarm~1/102020~1/bin/../lib/gcc/arm-none-eabi/10.2.1/../../../../arm-none-eabi/lib/thumb/v6-m/nofp\libg.a(lib_a-mallocr.o)
                0x20000ba4                __malloc_trim_threshold
                0x20000ba8                . = ALIGN (0x4)
 *(.after_data.*)
                0x20000ba8                . = ALIGN (0x4)
                0x20000ba8                PROVIDE (__mutex_array_start = .)
 *(SORT_BY_NAME(.mutex_array.*))
 *(.mutex_array)
 .mutex_array   0x20000ba8        0x8 CMakeFiles/example.dir/D_/Pico_Downloads/pico-sdk/src/rp2_common/pico_stdio/stdio.c.obj
                0x20000bb0                PROVIDE (__mutex_array_end = .)
                0x20000bb0                . = ALIGN (0x4)
                0x20000bb0                PROVIDE (__preinit_array_start = .)
 *(SORT_BY_NAME(.preinit_array.*))
 .preinit_array.00001
                0x20000bb0        0x4 CMakeFiles/example.dir/D_/Pico_Downloads/pico-sdk/src/rp2_common/pico_mem_ops/mem_ops_aeabi.S.obj
 .preinit_array.00010
                0x20000bb4        0x4 CMakeFiles/example.dir/D_/Pico_Downloads/pico-sdk/src/rp2_common/pico_bit_ops/bit_ops_aeabi.S.obj
 .preinit_array.00020
                0x20000bb8        0x4 CMakeFiles/example.dir/D_/Pico_Downloads/pico-sdk/src/rp2_common/pico_double/double_aeabi.S.obj
 .preinit_array.00020
                0x20000bbc        0x4 CMakeFiles/example.dir/D_/Pico_Downloads/pico-sdk/src/rp2_common/pico_float/float_aeabi.S.obj
 *(.preinit_array)
                0x20000bc0                PROVIDE (__preinit_array_end = .)
                0x20000bc0                . = ALIGN (0x4)
                0x20000bc0                PROVIDE (__init_array_start = .)
 *(SORT_BY_NAME(.init_array.*))
 *(.init_array)
 .init_array    0x20000bc0        0x4 c:/progra~2/gnuarm~1/102020~1/bin/../lib/gcc/arm-none-eabi/10.2.1/thumb/v6-m/nofp/crtbegin.o
                0x20000bc4                PROVIDE (__init_array_end = .)
                0x20000bc4                . = ALIGN (0x4)
                [!provide]                PROVIDE (__fini_array_start = .)
 *(SORT_BY_NAME(.fini_array.*))
 *(.fini_array)
                [!provide]                PROVIDE (__fini_array_end = .)
 *(.jcr)
                0x20000bc4                . = ALIGN (0x4)
                0x20000bc4                __data_end__ = .

.igot.plt       0x20000bc4        0x0 load address 0x10008f48
 .igot.plt      0x20000bc4        0x0 c:/progra~2/gnuarm~1/102020~1/bin/../lib/gcc/arm-none-eabi/10.2.1/thumb/v6-m/nofp/crtbegin.o

.uninitialized_data
                0x20000bc4        0x0 load address 0x10008f48
                0x20000bc4                . = ALIGN (0x4)
 *(.uninitialized_data*)

.scratch_x      0x20040000        0x0 load address 0x10008f48
                0x20040000                __scratch_x_start__ = .
 *(.scratch_x.*)
                0x20040000                . = ALIGN (0x4)
                0x20040000                __scratch_x_end__ = .
                0x10008f48                __scratch_x_source__ = LOADADDR (.scratch_x)

.scratch_y      0x20041000        0x0 load address 0x10008f48
                0x20041000                __scratch_y_start__ = .
 *(.scratch_y.*)
                0x20041000                . = ALIGN (0x4)
                0x20041000                __scratch_y_end__ = .
                0x10008f48                __scratch_y_source__ = LOADADDR (.scratch_y)

.bss            0x20000bc8      0xdbc
                0x20000bc8                . = ALIGN (0x4)
                0x20000bc8                __bss_start__ = .
 *(SORT_BY_ALIGNMENT(SORT_BY_NAME(.bss*)))
 .bss.last_avail_time.1
                0x20000bc8        0x8 CMakeFiles/example.dir/D_/Pico_Downloads/pico-sdk/src/rp2_common/pico_stdio_usb/stdio_usb.c.obj
 .bss           0x20000bd0       0x1c c:/progra~2/gnuarm~1/102020~1/bin/../lib/gcc/arm-none-eabi/10.2.1/thumb/v6-m/nofp/crtbegin.o
 .bss.__lock___malloc_recursive_mutex
                0x20000bec        0x1 c:/progra~2/gnuarm~1/102020~1/bin/../lib/gcc/arm-none-eabi/10.2.1/../../../../arm-none-eabi/lib/thumb/v6-m/nofp\libg.a(lib_a-lock.o)
                0x20000bec                __lock___malloc_recursive_mutex
 *fill*         0x20000bed        0x3 
 .bss.__malloc_current_mallinfo
                0x20000bf0       0x28 c:/progra~2/gnuarm~1/102020~1/bin/../lib/gcc/arm-none-eabi/10.2.1/../../../../arm-none-eabi/lib/thumb/v6-m/nofp\libg.a(lib_a-mallocr.o)
                0x20000bf0                __malloc_current_mallinfo
 .bss.__malloc_max_sbrked_mem
                0x20000c18        0x4 c:/progra~2/gnuarm~1/102020~1/bin/../lib/gcc/arm-none-eabi/10.2.1/../../../../arm-none-eabi/lib/thumb/v6-m/nofp\libg.a(lib_a-mallocr.o)
                0x20000c18                __malloc_max_sbrked_mem
 .bss.__malloc_max_total_mem
                0x20000c1c        0x4 c:/progra~2/gnuarm~1/102020~1/bin/../lib/gcc/arm-none-eabi/10.2.1/../../../../arm-none-eabi/lib/thumb/v6-m/nofp\libg.a(lib_a-mallocr.o)
                0x20000c1c                __malloc_max_total_mem
 .bss.__malloc_top_pad
                0x20000c20        0x4 c:/progra~2/gnuarm~1/102020~1/bin/../lib/gcc/arm-none-eabi/10.2.1/../../../../arm-none-eabi/lib/thumb/v6-m/nofp\libg.a(lib_a-mallocr.o)
                0x20000c20                __malloc_top_pad
 .bss._app_driver
                0x20000c24        0x4 CMakeFiles/example.dir/D_/Pico_Downloads/pico-sdk/lib/tinyusb/src/device/usbd.c.obj
 .bss._cdcd_itf
                0x20000c28      0x2d0 CMakeFiles/example.dir/D_/Pico_Downloads/pico-sdk/lib/tinyusb/src/class/cdc/cdc_device.c.obj
 .bss._ctrl_xfer
                0x20000ef8       0x14 CMakeFiles/example.dir/D_/Pico_Downloads/pico-sdk/lib/tinyusb/src/device/usbd_control.c.obj
 .bss._ubsd_mutexdef
                0x20000f0c        0x8 CMakeFiles/example.dir/D_/Pico_Downloads/pico-sdk/lib/tinyusb/src/device/usbd.c.obj
 .bss._usbd_ctrl_buf
                0x20000f14       0x40 CMakeFiles/example.dir/D_/Pico_Downloads/pico-sdk/lib/tinyusb/src/device/usbd_control.c.obj
 .bss._usbd_dev
                0x20000f54       0x37 CMakeFiles/example.dir/D_/Pico_Downloads/pico-sdk/lib/tinyusb/src/device/usbd.c.obj
 *fill*         0x20000f8b        0x1 
 .bss._usbd_mutex
                0x20000f8c        0x4 CMakeFiles/example.dir/D_/Pico_Downloads/pico-sdk/lib/tinyusb/src/device/usbd.c.obj
 .bss._usbd_q   0x20000f90        0x4 CMakeFiles/example.dir/D_/Pico_Downloads/pico-sdk/lib/tinyusb/src/device/usbd.c.obj
 .bss._usbd_qdef_buf
                0x20000f94       0xc0 CMakeFiles/example.dir/D_/Pico_Downloads/pico-sdk/lib/tinyusb/src/device/usbd.c.obj
                0x20000f94                _usbd_qdef_buf
 .bss.alarm_callbacks
                0x20001054       0x10 CMakeFiles/example.dir/D_/Pico_Downloads/pico-sdk/src/rp2_common/hardware_timer/timer.c.obj
 .bss.claimed   0x20001064        0x4 CMakeFiles/example.dir/D_/Pico_Downloads/pico-sdk/src/rp2_common/hardware_sync/sync.c.obj
 .bss.configured_freq
                0x20001068       0x28 CMakeFiles/example.dir/D_/Pico_Downloads/pico-sdk/src/rp2_common/hardware_clocks/clocks.c.obj
 .bss.default_alarm_pool
                0x20001090        0x4 CMakeFiles/example.dir/D_/Pico_Downloads/pico-sdk/src/common/pico_time/time.c.obj
 .bss.desc_str.0
                0x20001094       0x28 CMakeFiles/example.dir/D_/Pico_Downloads/pico-sdk/src/rp2_common/pico_stdio_usb/stdio_usb_descriptors.c.obj
 .bss.drivers   0x200010bc        0x4 CMakeFiles/example.dir/D_/Pico_Downloads/pico-sdk/src/rp2_common/pico_stdio/stdio.c.obj
 .bss.errno     0x200010c0        0x4 c:/progra~2/gnuarm~1/102020~1/bin/../lib/gcc/arm-none-eabi/10.2.1/../../../../arm-none-eabi/lib/thumb/v6-m/nofp\libg.a(lib_a-reent.o)
                0x200010c0                errno
 .bss.filter    0x200010c4        0x4 CMakeFiles/example.dir/D_/Pico_Downloads/pico-sdk/src/rp2_common/pico_stdio/stdio.c.obj
 .bss.heap_end.0
                0x200010c8        0x4 CMakeFiles/example.dir/D_/Pico_Downloads/pico-sdk/src/rp2_common/pico_runtime/runtime.c.obj
 .bss.hw_endpoints
                0x200010cc      0x680 CMakeFiles/example.dir/D_/Pico_Downloads/pico-sdk/lib/tinyusb/src/portable/raspberrypi/rp2040/dcd_rp2040.c.obj
 .bss.next_buffer_ptr
                0x2000174c        0x4 CMakeFiles/example.dir/D_/Pico_Downloads/pico-sdk/lib/tinyusb/src/portable/raspberrypi/rp2040/dcd_rp2040.c.obj
 .bss.pools     0x20001750       0x10 CMakeFiles/example.dir/D_/Pico_Downloads/pico-sdk/src/common/pico_time/time.c.obj
 .bss.sd_table  0x20001760      0x100 CMakeFiles/example.dir/D_/Pico_Downloads/pico-sdk/src/rp2_common/pico_double/double_init_rom.c.obj
                0x20001760                sd_table
 .bss.sf_clz_func
                0x20001860        0x4 CMakeFiles/example.dir/D_/Pico_Downloads/pico-sdk/src/rp2_common/pico_float/float_init_rom.c.obj
                0x20001860                sf_clz_func
 .bss.sf_table  0x20001864      0x100 CMakeFiles/example.dir/D_/Pico_Downloads/pico-sdk/src/rp2_common/pico_float/float_init_rom.c.obj
                0x20001864                sf_table
 .bss.stdio_usb_mutex
                0x20001964        0x8 CMakeFiles/example.dir/D_/Pico_Downloads/pico-sdk/src/rp2_common/pico_stdio_usb/stdio_usb.c.obj
 .bss.target_hi
                0x2000196c       0x10 CMakeFiles/example.dir/D_/Pico_Downloads/pico-sdk/src/rp2_common/hardware_timer/timer.c.obj
 .bss._app_driver_count
                0x2000197c        0x1 CMakeFiles/example.dir/D_/Pico_Downloads/pico-sdk/lib/tinyusb/src/device/usbd.c.obj
 .bss._initialized
                0x2000197d        0x1 CMakeFiles/example.dir/D_/Pico_Downloads/pico-sdk/lib/tinyusb/src/tusb.c.obj
 .bss.assigned_address
                0x2000197e        0x1 CMakeFiles/example.dir/D_/Pico_Downloads/pico-sdk/lib/tinyusb/src/portable/raspberrypi/rp2040/dcd_rp2040.c.obj
 .bss.claimed   0x2000197f        0x1 CMakeFiles/example.dir/D_/Pico_Downloads/pico-sdk/src/rp2_common/hardware_timer/timer.c.obj
 .bss.irq_hander_chain_free_slot_head
                0x20001980        0x1 CMakeFiles/example.dir/D_/Pico_Downloads/pico-sdk/src/rp2_common/hardware_irq/irq.c.obj
 .bss.timer_callbacks_pending
                0x20001981        0x1 CMakeFiles/example.dir/D_/Pico_Downloads/pico-sdk/src/rp2_common/hardware_timer/timer.c.obj
 *(COMMON)
                0x20001984                . = ALIGN (0x4)
 *fill*         0x20001982        0x2 
                0x20001984                __bss_end__ = .
